2026-08-01 14:38:38 [INFO] __main__: 🌐 Сервер запускается на http://0.0.0.0:5000
2026-08-01 14:38:38 [INFO] __main__: 💡 Для остановки нажмите CTRL + C
2026-08-01 14:38:38 [INFO] __main__: 🚀 Инициализация GPYPHONE...
2026-08-01 14:38:38 [INFO] database: 📁 DBManager инициализирован. Папка данных: /workspace/data
2026-08-01 14:38:38 [INFO] database: ✅ DBManager.init() выполнен успешно
2026-08-01 14:38:38 [INFO] __main__: ✅ Загружено камер: 116, наборов: 4
2026-08-01 14:38:39 [INFO] __main__: 🚀 GPYPHONE v15.0.0 (ASGI) успешно запущен!
2026-08-01 14:38:39 [INFO] workers: 🚀 210-P-GAVw-001_main
2026-08-01 14:38:39 [INFO] workers: 🚀 210-P-GAVw-001_sub
2026-08-01 14:38:39 [INFO] workers: 🚀 210-P-GAVw-002_main
2026-08-01 14:38:39 [INFO] workers: 🚀 210-P-GAVw-002_sub
2026-08-01 14:38:39 [INFO] workers: 🚀 210-P-GAVw-003_main
2026-08-01 14:38:39 [INFO] workers: 🚀 210-P-GAVw-003_sub
2026-08-01 14:38:39 [INFO] workers: 🚀 210-P-GAVw-004_main
2026-08-01 14:38:39 [INFO] workers: 🚀 210-P-GAVw-004_sub
2026-08-01 14:38:39 [INFO] workers: 🚀 301A-P-GAVw-001_main
2026-08-01 14:38:39 [INFO] workers: 🚀 301A-P-GAVw-001_sub
2026-08-01 14:38:39 [INFO] workers: 🚀 301A-P-GAVw-002_main
2026-08-01 14:38:39 [INFO] workers: 🚀 301A-P-GAVw-002_sub
2026-08-01 14:38:39 [INFO] workers: 🚀 301A-P-GAVw-003_main
2026-08-01 14:38:39 [INFO] workers: 🚀 301A-P-GAVw-003_sub
2026-08-01 14:38:39 [INFO] workers: 🚀 301A-P-GAVw-004_main
2026-08-01 14:38:39 [INFO] workers: 🚀 301A-P-GAVw-004_sub
2026-08-01 14:38:39 [INFO] workers: 🚀 301A-P-GAVw-005_main
2026-08-01 14:38:39 [INFO] workers: 🚀 301A-P-GAVw-005_sub
2026-08-01 14:38:39 [INFO] workers: 🚀 301A-P-GAVw-006_main
2026-08-01 14:38:39 [INFO] workers: 🚀 301A-P-GAVw-006_sub
2026-08-01 14:38:39 [INFO] workers: 🚀 301A-P-GAVw-007_main
2026-08-01 14:38:39 [INFO] workers: 🚀 301A-P-GAVw-007_sub
2026-08-01 14:38:39 [INFO] workers: 🚀 301A-P-GAVw-008_main
2026-08-01 14:38:39 [INFO] workers: 🚀 301A-P-GAVw-008_sub
2026-08-01 14:38:39 [INFO] workers: 🚀 301A-P-GAVw-009_main
2026-08-01 14:38:39 [INFO] workers: 🚀 301A-P-GAVw-009_sub
2026-08-01 14:38:39 [INFO] workers: 🚀 301A-P-GAVw-010_main
2026-08-01 14:38:39 [INFO] workers: 🚀 301A-P-GAVw-010_sub
2026-08-01 14:38:39 [INFO] workers: 🚀 301A-P-GAVw-011_main
2026-08-01 14:38:39 [INFO] workers: 🚀 301A-P-GAVw-011_sub
2026-08-01 14:38:39 [INFO] workers: 🚀 301A-P-GAVw-012_main
2026-08-01 14:38:39 [INFO] workers: 🚀 301A-P-GAVw-012_sub
2026-08-01 14:38:39 [INFO] workers: 🚀 301A-P-GAVw-013_main
2026-08-01 14:38:39 [INFO] workers: 🚀 301A-P-GAVw-013_sub
2026-08-01 14:38:39 [INFO] workers: 🚀 301A-P-GAVw-014_main
2026-08-01 14:38:39 [INFO] workers: 🚀 301A-P-GAVw-014_sub
2026-08-01 14:38:39 [INFO] workers: 🚀 301A-P-GAVw-015_main
2026-08-01 14:38:39 [INFO] workers: 🚀 301A-P-GAVw-015_sub
2026-08-01 14:38:39 [INFO] workers: 🚀 301A-P-GAVw-016_main
2026-08-01 14:38:39 [INFO] workers: 🚀 301A-P-GAVw-016_sub
2026-08-01 14:38:39 [INFO] workers: 🚀 301A-P-GAVw-017_main
2026-08-01 14:38:39 [INFO] workers: 🚀 301A-P-GAVw-017_sub
2026-08-01 14:38:39 [INFO] workers: 🚀 301A-P-GAVw-018_main
2026-08-01 14:38:39 [INFO] workers: 🚀 301A-P-GAVw-018_sub
2026-08-01 14:38:39 [INFO] workers: 🚀 301A-P-GAVw-019_main
2026-08-01 14:38:39 [INFO] workers: 🚀 301A-P-GAVw-019_sub
2026-08-01 14:38:39 [INFO] workers: 🚀 301A-P-GAVw-020_main
2026-08-01 14:38:39 [INFO] workers: 🚀 301A-P-GAVw-020_sub
2026-08-01 14:38:39 [INFO] workers: 🚀 301A-P-GAVw-021_main
2026-08-01 14:38:39 [INFO] workers: 🚀 301A-P-GAVw-021_sub
2026-08-01 14:38:39 [INFO] workers: 🚀 301A-P-GAVw-022_main
2026-08-01 14:38:39 [INFO] workers: 🚀 301A-P-GAVw-022_sub
2026-08-01 14:38:39 [INFO] workers: 🚀 301A-P-GAVw-023_main
2026-08-01 14:38:39 [INFO] workers: 🚀 301A-P-GAVw-023_sub
2026-08-01 14:38:39 [INFO] workers: 🚀 301A-P-GAVw-024_main
2026-08-01 14:38:39 [INFO] workers: 🚀 301A-P-GAVw-024_sub
2026-08-01 14:38:39 [INFO] workers: 🚀 301A-P-GAVw-025_main
2026-08-01 14:38:39 [INFO] workers: 🚀 301A-P-GAVw-025_sub
2026-08-01 14:38:39 [INFO] workers: 🚀 301A-P-GAVw-026_main
2026-08-01 14:38:39 [INFO] workers: 🚀 301A-P-GAVw-026_sub
2026-08-01 14:38:39 [INFO] workers: 🚀 301A-P-GAVw-027_main
2026-08-01 14:38:39 [INFO] workers: 🚀 301A-P-GAVw-027_sub
2026-08-01 14:38:39 [INFO] workers: 🚀 301A-P-GAVw-028_main
2026-08-01 14:38:39 [INFO] workers: 🚀 301A-P-GAVw-028_sub
2026-08-01 14:38:39 [INFO] workers: 🚀 301A-P-GAVw-029_main
2026-08-01 14:38:39 [INFO] workers: 🚀 301A-P-GAVw-029_sub
2026-08-01 14:38:39 [INFO] workers: 🚀 301A-P-GAVw-030_main
2026-08-01 14:38:39 [INFO] workers: 🚀 301A-P-GAVw-030_sub
2026-08-01 14:38:39 [INFO] workers: 🚀 301A-P-GAVw-031_main
2026-08-01 14:38:39 [INFO] workers: 🚀 301A-P-GAVw-031_sub
2026-08-01 14:38:39 [INFO] workers: 🚀 301A-P-GAVw-032_main
2026-08-01 14:38:39 [INFO] workers: 🚀 301A-P-GAVw-032_sub
2026-08-01 14:38:39 [INFO] workers: 🚀 403-P-GAVw-001_main
2026-08-01 14:38:39 [INFO] workers: 🚀 403-P-GAVw-001_sub
2026-08-01 14:38:39 [INFO] workers: 🚀 403-P-GAVw-002_main
2026-08-01 14:38:39 [INFO] workers: 🚀 403-P-GAVw-002_sub
2026-08-01 14:38:39 [INFO] workers: 🚀 403-P-GAVw-003_main
2026-08-01 14:38:39 [INFO] workers: 🚀 403-P-GAVw-003_sub
2026-08-01 14:38:39 [INFO] workers: 🚀 403-P-GAVw-004_main
2026-08-01 14:38:39 [INFO] workers: 🚀 403-P-GAVw-004_sub
2026-08-01 14:38:39 [INFO] workers: 🚀 403-P-GAVw-005_main
2026-08-01 14:38:39 [INFO] workers: 🚀 403-P-GAVw-005_sub
2026-08-01 14:38:39 [INFO] workers: 🚀 403-P-GAVw-006_main
2026-08-01 14:38:39 [INFO] workers: 🚀 403-P-GAVw-006_sub
2026-08-01 14:38:39 [INFO] workers: 🚀 403-P-GAVw-007_main
2026-08-01 14:38:39 [INFO] workers: 🚀 403-P-GAVw-007_sub
2026-08-01 14:38:39 [INFO] workers: 🚀 403-P-GAVw-008_main
2026-08-01 14:38:39 [INFO] workers: 🚀 403-P-GAVw-008_sub
2026-08-01 14:38:39 [INFO] workers: 🚀 403-P-GAVw-009_main
2026-08-01 14:38:39 [INFO] workers: 🚀 403-P-GAVw-009_sub
2026-08-01 14:38:39 [INFO] workers: 🚀 403-P-GAVw-010_main
2026-08-01 14:38:39 [INFO] workers: 🚀 403-P-GAVw-010_sub
2026-08-01 14:38:39 [INFO] workers: 🚀 403-P-GAVw-011_main
2026-08-01 14:38:39 [INFO] workers: 🚀 403-P-GAVw-011_sub
2026-08-01 14:38:39 [INFO] workers: 🚀 403-P-GAVw-012_main
2026-08-01 14:38:39 [INFO] workers: 🚀 403-P-GAVw-012_sub
2026-08-01 14:38:39 [INFO] workers: 🚀 403-P-GAVw-013_main
2026-08-01 14:38:39 [INFO] workers: 🚀 403-P-GAVw-013_sub
2026-08-01 14:38:39 [INFO] workers: 🚀 403-P-GAVw-014_main
2026-08-01 14:38:39 [INFO] workers: 🚀 403-P-GAVw-014_sub
2026-08-01 14:38:39 [INFO] workers: 🚀 403-P-GAVw-015_main
2026-08-01 14:38:39 [INFO] workers: 🚀 403-P-GAVw-015_sub
2026-08-01 14:38:39 [INFO] workers: 🚀 403-P-GAVw-016_main
2026-08-01 14:38:39 [INFO] workers: 🚀 403-P-GAVw-016_sub
2026-08-01 14:38:39 [INFO] workers: 🚀 403-P-GAVw-017_main
2026-08-01 14:38:39 [INFO] workers: 🚀 403-P-GAVw-017_sub
2026-08-01 14:38:39 [INFO] workers: 🚀 403-P-GAVw-018_main
2026-08-01 14:38:39 [INFO] workers: 🚀 403-P-GAVw-018_sub
2026-08-01 14:38:39 [INFO] workers: 🚀 403-P-GAVw-019_main
2026-08-01 14:38:39 [INFO] workers: 🚀 403-P-GAVw-019_sub
2026-08-01 14:38:39 [INFO] workers: 🚀 403-P-GAVw-020_main
2026-08-01 14:38:39 [INFO] workers: 🚀 403-P-GAVw-020_sub
2026-08-01 14:38:39 [INFO] workers: 🚀 403-P-GAVw-021_main
2026-08-01 14:38:39 [INFO] workers: 🚀 403-P-GAVw-021_sub
2026-08-01 14:38:39 [INFO] workers: 🚀 403-P-GAVw-022_main
2026-08-01 14:38:39 [INFO] workers: 🚀 403-P-GAVw-022_sub
2026-08-01 14:38:39 [INFO] workers: 🚀 403-P-GAVw-023_main
2026-08-01 14:38:39 [INFO] workers: 🚀 403-P-GAVw-023_sub
2026-08-01 14:38:39 [INFO] workers: 🚀 403-P-GAVw-024_main
2026-08-01 14:38:39 [INFO] workers: 🚀 403-P-GAVw-024_sub
2026-08-01 14:38:39 [INFO] workers: 🚀 403-P-GAVw-025_main
2026-08-01 14:38:39 [INFO] workers: 🚀 403-P-GAVw-025_sub
2026-08-01 14:38:39 [INFO] workers: 🚀 403-P-GAVw-026_main
2026-08-01 14:38:39 [INFO] workers: 🚀 403-P-GAVw-026_sub
2026-08-01 14:38:39 [INFO] workers: 🚀 403-P-GAVw-027_main
2026-08-01 14:38:39 [INFO] workers: 🚀 403-P-GAVw-027_sub
2026-08-01 14:38:39 [INFO] workers: 🚀 403-P-GAVw-028_main
2026-08-01 14:38:39 [INFO] workers: 🚀 403-P-GAVw-028_sub
2026-08-01 14:38:39 [INFO] workers: 🚀 403-P-GAVw-029_main
2026-08-01 14:38:39 [INFO] workers: 🚀 403-P-GAVw-029_sub
2026-08-01 14:38:39 [INFO] workers: 🚀 phone_main
2026-08-01 14:38:39 [INFO] workers: 🚀 test_main
2026-08-01 14:38:39 [INFO] workers: 🚀 test_sub
2026-08-01 14:38:39 [INFO] archive: 📼 Archive worker started (Async)
2026-08-01 14:38:39 [INFO] stream_engine.worker: 🔍 210-P-GAVw-001_main | Инициализация...
2026-08-01 14:38:39 [INFO] stream_engine.worker: 🔍 210-P-GAVw-001_sub | Инициализация...
2026-08-01 14:38:39 [INFO] stream_engine.worker: 🔍 210-P-GAVw-002_main | Инициализация...
2026-08-01 14:38:39 [INFO] stream_engine.worker: 🔍 210-P-GAVw-002_sub | Инициализация...
2026-08-01 14:38:39 [INFO] stream_engine.worker: 🔍 210-P-GAVw-003_main | Инициализация...
2026-08-01 14:38:39 [INFO] stream_engine.worker: 🔍 210-P-GAVw-003_sub | Инициализация...
2026-08-01 14:38:39 [INFO] stream_engine.worker: 🔍 210-P-GAVw-004_main | Инициализация...
2026-08-01 14:38:39 [INFO] stream_engine.worker: 🔍 210-P-GAVw-004_sub | Инициализация...
2026-08-01 14:38:39 [INFO] stream_engine.worker: 🔍 301A-P-GAVw-001_main | Инициализация...
2026-08-01 14:38:39 [INFO] stream_engine.worker: 🔍 301A-P-GAVw-001_sub | Инициализация...
2026-08-01 14:38:39 [INFO] stream_engine.worker: 🔍 301A-P-GAVw-002_main | Инициализация...
2026-08-01 14:38:39 [INFO] stream_engine.worker: 🔍 301A-P-GAVw-002_sub | Инициализация...
2026-08-01 14:38:39 [INFO] stream_engine.worker: 🔍 301A-P-GAVw-003_main | Инициализация...
2026-08-01 14:38:39 [INFO] stream_engine.worker: 🔍 301A-P-GAVw-003_sub | Инициализация...
2026-08-01 14:38:39 [INFO] stream_engine.worker: 🔍 301A-P-GAVw-004_main | Инициализация...
2026-08-01 14:38:39 [INFO] stream_engine.worker: 🔍 301A-P-GAVw-004_sub | Инициализация...
2026-08-01 14:38:39 [INFO] stream_engine.worker: 🔍 301A-P-GAVw-005_main | Инициализация...
2026-08-01 14:38:39 [INFO] stream_engine.worker: 🔍 301A-P-GAVw-005_sub | Инициализация...
2026-08-01 14:38:39 [INFO] stream_engine.worker: 🔍 301A-P-GAVw-006_main | Инициализация...
2026-08-01 14:38:39 [INFO] stream_engine.worker: 🔍 301A-P-GAVw-006_sub | Инициализация...
2026-08-01 14:38:39 [INFO] stream_engine.worker: 🔍 301A-P-GAVw-007_main | Инициализация...
2026-08-01 14:38:39 [INFO] stream_engine.worker: 🔍 301A-P-GAVw-007_sub | Инициализация...
2026-08-01 14:38:39 [INFO] stream_engine.worker: 🔍 301A-P-GAVw-008_main | Инициализация...
2026-08-01 14:38:39 [INFO] stream_engine.worker: 🔍 301A-P-GAVw-008_sub | Инициализация...
2026-08-01 14:38:39 [INFO] stream_engine.worker: 🔍 301A-P-GAVw-009_main | Инициализация...
2026-08-01 14:38:39 [INFO] stream_engine.worker: 🔍 301A-P-GAVw-009_sub | Инициализация...
2026-08-01 14:38:39 [INFO] stream_engine.worker: 🔍 301A-P-GAVw-010_main | Инициализация...
2026-08-01 14:38:39 [INFO] stream_engine.worker: 🔍 301A-P-GAVw-010_sub | Инициализация...
2026-08-01 14:38:39 [INFO] stream_engine.worker: 🔍 301A-P-GAVw-011_main | Инициализация...
2026-08-01 14:38:39 [INFO] stream_engine.worker: 🔍 301A-P-GAVw-011_sub | Инициализация...
2026-08-01 14:38:39 [INFO] stream_engine.worker: 🔍 301A-P-GAVw-012_main | Инициализация...
2026-08-01 14:38:39 [INFO] stream_engine.worker: 🔍 301A-P-GAVw-012_sub | Инициализация...
2026-08-01 14:38:39 [INFO] stream_engine.worker: 🔍 301A-P-GAVw-013_main | Инициализация...
2026-08-01 14:38:39 [INFO] stream_engine.worker: 🔍 301A-P-GAVw-013_sub | Инициализация...
2026-08-01 14:38:39 [INFO] stream_engine.worker: 🔍 301A-P-GAVw-014_main | Инициализация...
2026-08-01 14:38:39 [INFO] stream_engine.worker: 🔍 301A-P-GAVw-014_sub | Инициализация...
2026-08-01 14:38:39 [INFO] stream_engine.worker: 🔍 301A-P-GAVw-015_main | Инициализация...
2026-08-01 14:38:39 [INFO] stream_engine.worker: 🔍 301A-P-GAVw-015_sub | Инициализация...
2026-08-01 14:38:39 [INFO] stream_engine.worker: 🔍 301A-P-GAVw-016_main | Инициализация...
2026-08-01 14:38:39 [INFO] stream_engine.worker: 🔍 301A-P-GAVw-016_sub | Инициализация...
2026-08-01 14:38:39 [INFO] stream_engine.worker: 🔍 301A-P-GAVw-017_main | Инициализация...
2026-08-01 14:38:39 [INFO] stream_engine.worker: 🔍 301A-P-GAVw-017_sub | Инициализация...
2026-08-01 14:38:39 [INFO] stream_engine.worker: 🔍 301A-P-GAVw-018_main | Инициализация...
2026-08-01 14:38:39 [INFO] stream_engine.worker: 🔍 301A-P-GAVw-018_sub | Инициализация...
2026-08-01 14:38:39 [INFO] stream_engine.worker: 🔍 301A-P-GAVw-019_main | Инициализация...
2026-08-01 14:38:39 [INFO] stream_engine.worker: 🔍 301A-P-GAVw-019_sub | Инициализация...
2026-08-01 14:38:39 [INFO] stream_engine.worker: 🔍 301A-P-GAVw-020_main | Инициализация...
2026-08-01 14:38:39 [INFO] stream_engine.worker: 🔍 301A-P-GAVw-020_sub | Инициализация...
2026-08-01 14:38:39 [INFO] stream_engine.worker: 🔍 301A-P-GAVw-021_main | Инициализация...
2026-08-01 14:38:39 [INFO] stream_engine.worker: 🔍 301A-P-GAVw-021_sub | Инициализация...
2026-08-01 14:38:39 [INFO] stream_engine.worker: 🔍 301A-P-GAVw-022_main | Инициализация...
2026-08-01 14:38:39 [INFO] stream_engine.worker: 🔍 301A-P-GAVw-022_sub | Инициализация...
2026-08-01 14:38:39 [INFO] stream_engine.worker: 🔍 301A-P-GAVw-023_main | Инициализация...
2026-08-01 14:38:39 [INFO] stream_engine.worker: 🔍 301A-P-GAVw-023_sub | Инициализация...
2026-08-01 14:38:39 [INFO] stream_engine.worker: 🔍 301A-P-GAVw-024_main | Инициализация...
2026-08-01 14:38:39 [INFO] stream_engine.worker: 🔍 301A-P-GAVw-024_sub | Инициализация...
2026-08-01 14:38:39 [INFO] stream_engine.worker: 🔍 301A-P-GAVw-025_main | Инициализация...
2026-08-01 14:38:39 [INFO] stream_engine.worker: 🔍 301A-P-GAVw-025_sub | Инициализация...
2026-08-01 14:38:39 [INFO] stream_engine.worker: 🔍 301A-P-GAVw-026_main | Инициализация...
2026-08-01 14:38:39 [INFO] stream_engine.worker: 🔍 301A-P-GAVw-026_sub | Инициализация...
2026-08-01 14:38:39 [INFO] stream_engine.worker: 🔍 301A-P-GAVw-027_main | Инициализация...
2026-08-01 14:38:39 [INFO] stream_engine.worker: 🔍 301A-P-GAVw-027_sub | Инициализация...
2026-08-01 14:38:39 [INFO] stream_engine.worker: 🔍 301A-P-GAVw-028_main | Инициализация...
2026-08-01 14:38:39 [INFO] stream_engine.worker: 🔍 301A-P-GAVw-028_sub | Инициализация...
2026-08-01 14:38:39 [INFO] stream_engine.worker: 🔍 301A-P-GAVw-029_main | Инициализация...
2026-08-01 14:38:39 [INFO] stream_engine.worker: 🔍 301A-P-GAVw-029_sub | Инициализация...
2026-08-01 14:38:39 [INFO] stream_engine.worker: 🔍 301A-P-GAVw-030_main | Инициализация...
2026-08-01 14:38:39 [INFO] stream_engine.worker: 🔍 301A-P-GAVw-030_sub | Инициализация...
2026-08-01 14:38:39 [INFO] stream_engine.worker: 🔍 301A-P-GAVw-031_main | Инициализация...
2026-08-01 14:38:39 [INFO] stream_engine.worker: 🔍 301A-P-GAVw-031_sub | Инициализация...
2026-08-01 14:38:39 [INFO] stream_engine.worker: 🔍 301A-P-GAVw-032_main | Инициализация...
2026-08-01 14:38:39 [INFO] stream_engine.worker: 🔍 301A-P-GAVw-032_sub | Инициализация...
2026-08-01 14:38:39 [INFO] stream_engine.worker: 🔍 403-P-GAVw-001_main | Инициализация...
2026-08-01 14:38:39 [INFO] stream_engine.worker: 🔍 403-P-GAVw-001_sub | Инициализация...
2026-08-01 14:38:39 [INFO] stream_engine.worker: 🔍 403-P-GAVw-002_main | Инициализация...
2026-08-01 14:38:39 [INFO] stream_engine.worker: 🔍 403-P-GAVw-002_sub | Инициализация...
2026-08-01 14:38:39 [INFO] stream_engine.worker: 🔍 403-P-GAVw-003_main | Инициализация...
2026-08-01 14:38:39 [INFO] stream_engine.worker: 🔍 403-P-GAVw-003_sub | Инициализация...
2026-08-01 14:38:39 [INFO] stream_engine.worker: 🔍 403-P-GAVw-004_main | Инициализация...
2026-08-01 14:38:39 [INFO] stream_engine.worker: 🔍 403-P-GAVw-004_sub | Инициализация...
2026-08-01 14:38:39 [INFO] stream_engine.worker: 🔍 403-P-GAVw-005_main | Инициализация...
2026-08-01 14:38:39 [INFO] stream_engine.worker: 🔍 403-P-GAVw-005_sub | Инициализация...
2026-08-01 14:38:39 [INFO] stream_engine.worker: 🔍 403-P-GAVw-006_main | Инициализация...
2026-08-01 14:38:39 [INFO] stream_engine.worker: 🔍 403-P-GAVw-006_sub | Инициализация...
2026-08-01 14:38:39 [INFO] stream_engine.worker: 🔍 403-P-GAVw-007_main | Инициализация...
2026-08-01 14:38:39 [INFO] stream_engine.worker: 🔍 403-P-GAVw-007_sub | Инициализация...
2026-08-01 14:38:39 [INFO] stream_engine.worker: 🔍 403-P-GAVw-008_main | Инициализация...
2026-08-01 14:38:39 [INFO] stream_engine.worker: 🔍 403-P-GAVw-008_sub | Инициализация...
2026-08-01 14:38:39 [INFO] stream_engine.worker: 🔍 403-P-GAVw-009_main | Инициализация...
2026-08-01 14:38:39 [INFO] stream_engine.worker: 🔍 403-P-GAVw-009_sub | Инициализация...
2026-08-01 14:38:39 [INFO] stream_engine.worker: 🔍 403-P-GAVw-010_main | Инициализация...
2026-08-01 14:38:39 [INFO] stream_engine.worker: 🔍 403-P-GAVw-010_sub | Инициализация...
2026-08-01 14:38:39 [INFO] stream_engine.worker: 🔍 403-P-GAVw-011_main | Инициализация...
2026-08-01 14:38:39 [INFO] stream_engine.worker: 🔍 403-P-GAVw-011_sub | Инициализация...
2026-08-01 14:38:39 [INFO] stream_engine.worker: 🔍 403-P-GAVw-012_main | Инициализация...
2026-08-01 14:38:39 [INFO] stream_engine.worker: 🔍 403-P-GAVw-012_sub | Инициализация...
2026-08-01 14:38:39 [INFO] stream_engine.worker: 🔍 403-P-GAVw-013_main | Инициализация...
2026-08-01 14:38:39 [INFO] stream_engine.worker: 🔍 403-P-GAVw-013_sub | Инициализация...
2026-08-01 14:38:39 [INFO] stream_engine.worker: 🔍 403-P-GAVw-014_main | Инициализация...
2026-08-01 14:38:39 [INFO] stream_engine.worker: 🔍 403-P-GAVw-014_sub | Инициализация...
2026-08-01 14:38:39 [INFO] stream_engine.worker: 🔍 403-P-GAVw-015_main | Инициализация...
2026-08-01 14:38:39 [INFO] stream_engine.worker: 🔍 403-P-GAVw-015_sub | Инициализация...
2026-08-01 14:38:39 [INFO] stream_engine.worker: 🔍 403-P-GAVw-016_main | Инициализация...
2026-08-01 14:38:39 [INFO] stream_engine.worker: 🔍 403-P-GAVw-016_sub | Инициализация...
2026-08-01 14:38:39 [INFO] stream_engine.worker: 🔍 403-P-GAVw-017_main | Инициализация...
2026-08-01 14:38:39 [INFO] stream_engine.worker: 🔍 403-P-GAVw-017_sub | Инициализация...
2026-08-01 14:38:39 [INFO] stream_engine.worker: 🔍 403-P-GAVw-018_main | Инициализация...
2026-08-01 14:38:39 [INFO] stream_engine.worker: 🔍 403-P-GAVw-018_sub | Инициализация...
2026-08-01 14:38:39 [INFO] stream_engine.worker: 🔍 403-P-GAVw-019_main | Инициализация...
2026-08-01 14:38:39 [INFO] stream_engine.worker: 🔍 403-P-GAVw-019_sub | Инициализация...
2026-08-01 14:38:39 [INFO] stream_engine.worker: 🔍 403-P-GAVw-020_main | Инициализация...
2026-08-01 14:38:39 [INFO] stream_engine.worker: 🔍 403-P-GAVw-020_sub | Инициализация...
2026-08-01 14:38:39 [INFO] stream_engine.worker: 🔍 403-P-GAVw-021_main | Инициализация...
2026-08-01 14:38:39 [INFO] stream_engine.worker: 🔍 403-P-GAVw-021_sub | Инициализация...
2026-08-01 14:38:39 [INFO] stream_engine.worker: 🔍 403-P-GAVw-022_main | Инициализация...
2026-08-01 14:38:39 [INFO] stream_engine.worker: 🔍 403-P-GAVw-022_sub | Инициализация...
2026-08-01 14:38:39 [INFO] stream_engine.worker: 🔍 403-P-GAVw-023_main | Инициализация...
2026-08-01 14:38:39 [INFO] stream_engine.worker: 🔍 403-P-GAVw-023_sub | Инициализация...
2026-08-01 14:38:39 [INFO] stream_engine.worker: 🔍 403-P-GAVw-024_main | Инициализация...
2026-08-01 14:38:39 [INFO] stream_engine.worker: 🔍 403-P-GAVw-024_sub | Инициализация...
2026-08-01 14:38:39 [INFO] stream_engine.worker: 🔍 403-P-GAVw-025_main | Инициализация...
2026-08-01 14:38:39 [INFO] stream_engine.worker: 🔍 403-P-GAVw-025_sub | Инициализация...
2026-08-01 14:38:39 [INFO] stream_engine.worker: 🔍 403-P-GAVw-026_main | Инициализация...
2026-08-01 14:38:39 [INFO] stream_engine.worker: 🔍 403-P-GAVw-026_sub | Инициализация...
2026-08-01 14:38:39 [INFO] stream_engine.worker: 🔍 403-P-GAVw-027_main | Инициализация...
2026-08-01 14:38:39 [INFO] stream_engine.worker: 🔍 403-P-GAVw-027_sub | Инициализация...
2026-08-01 14:38:39 [INFO] stream_engine.worker: 🔍 403-P-GAVw-028_main | Инициализация...
2026-08-01 14:38:39 [INFO] stream_engine.worker: 🔍 403-P-GAVw-028_sub | Инициализация...
2026-08-01 14:38:39 [INFO] stream_engine.worker: 🔍 403-P-GAVw-029_main | Инициализация...
2026-08-01 14:38:39 [INFO] stream_engine.worker: 🔍 403-P-GAVw-029_sub | Инициализация...
2026-08-01 14:38:39 [INFO] stream_engine.worker: 🔍 phone_main | Инициализация...
2026-08-01 14:38:39 [INFO] stream_engine.worker: 🔍 test_main | Инициализация...
2026-08-01 14:38:39 [INFO] stream_engine.worker: 🔍 test_sub | Инициализация...
[2026-08-01 14:38:39 +0000] [3433] [INFO] Running on http://0.0.0.0:5000 (CTRL + C to quit)
2026-08-01 14:38:39 [INFO] hypercorn.error: Running on http://0.0.0.0:5000 (CTRL + C to quit)
2026-08-01 14:38:44 [WARNING] stream_engine.worker: ⚠️ 210-P-GAVw-001_main: Host unreachable
2026-08-01 14:38:44 [WARNING] stream_engine.worker: ⚠️ 210-P-GAVw-001_sub: Host unreachable
2026-08-01 14:38:44 [WARNING] stream_engine.worker: ⚠️ 210-P-GAVw-002_main: Host unreachable
2026-08-01 14:38:44 [WARNING] stream_engine.worker: ⚠️ 210-P-GAVw-002_sub: Host unreachable
2026-08-01 14:38:44 [WARNING] stream_engine.worker: ⚠️ 210-P-GAVw-003_main: Host unreachable
2026-08-01 14:38:44 [WARNING] stream_engine.worker: ⚠️ 210-P-GAVw-003_sub: Host unreachable
2026-08-01 14:38:44 [WARNING] stream_engine.worker: ⚠️ 210-P-GAVw-004_main: Host unreachable
2026-08-01 14:38:44 [WARNING] stream_engine.worker: ⚠️ 210-P-GAVw-004_sub: Host unreachable
2026-08-01 14:38:44 [WARNING] stream_engine.worker: ⚠️ 301A-P-GAVw-001_main: Host unreachable
2026-08-01 14:38:44 [WARNING] stream_engine.worker: ⚠️ 301A-P-GAVw-001_sub: Host unreachable
2026-08-01 14:38:44 [WARNING] stream_engine.worker: ⚠️ 301A-P-GAVw-002_main: Host unreachable
2026-08-01 14:38:44 [WARNING] stream_engine.worker: ⚠️ 301A-P-GAVw-002_sub: Host unreachable
2026-08-01 14:38:44 [WARNING] stream_engine.worker: ⚠️ 301A-P-GAVw-003_main: Host unreachable
2026-08-01 14:38:44 [WARNING] stream_engine.worker: ⚠️ 301A-P-GAVw-003_sub: Host unreachable
2026-08-01 14:38:44 [WARNING] stream_engine.worker: ⚠️ 301A-P-GAVw-004_main: Host unreachable
2026-08-01 14:38:44 [WARNING] stream_engine.worker: ⚠️ 301A-P-GAVw-004_sub: Host unreachable
2026-08-01 14:38:44 [WARNING] stream_engine.worker: ⚠️ 301A-P-GAVw-005_main: Host unreachable
2026-08-01 14:38:44 [WARNING] stream_engine.worker: ⚠️ 301A-P-GAVw-005_sub: Host unreachable
2026-08-01 14:38:44 [WARNING] stream_engine.worker: ⚠️ 301A-P-GAVw-006_main: Host unreachable
2026-08-01 14:38:44 [WARNING] stream_engine.worker: ⚠️ 301A-P-GAVw-006_sub: Host unreachable
2026-08-01 14:38:44 [WARNING] stream_engine.worker: ⚠️ 301A-P-GAVw-007_main: Host unreachable
2026-08-01 14:38:44 [WARNING] stream_engine.worker: ⚠️ 301A-P-GAVw-007_sub: Host unreachable
2026-08-01 14:38:44 [WARNING] stream_engine.worker: ⚠️ 301A-P-GAVw-008_main: Host unreachable
2026-08-01 14:38:44 [WARNING] stream_engine.worker: ⚠️ 301A-P-GAVw-008_sub: Host unreachable
2026-08-01 14:38:44 [WARNING] stream_engine.worker: ⚠️ 301A-P-GAVw-009_main: Host unreachable
2026-08-01 14:38:44 [WARNING] stream_engine.worker: ⚠️ 301A-P-GAVw-009_sub: Host unreachable
2026-08-01 14:38:44 [WARNING] stream_engine.worker: ⚠️ 301A-P-GAVw-010_main: Host unreachable
2026-08-01 14:38:44 [WARNING] stream_engine.worker: ⚠️ 301A-P-GAVw-010_sub: Host unreachable
2026-08-01 14:38:44 [WARNING] stream_engine.worker: ⚠️ 301A-P-GAVw-011_main: Host unreachable
2026-08-01 14:38:44 [WARNING] stream_engine.worker: ⚠️ 301A-P-GAVw-011_sub: Host unreachable
2026-08-01 14:38:44 [WARNING] stream_engine.worker: ⚠️ 301A-P-GAVw-012_main: Host unreachable
2026-08-01 14:38:44 [WARNING] stream_engine.worker: ⚠️ 301A-P-GAVw-012_sub: Host unreachable
2026-08-01 14:38:44 [WARNING] stream_engine.worker: ⚠️ 301A-P-GAVw-013_main: Host unreachable
2026-08-01 14:38:44 [WARNING] stream_engine.worker: ⚠️ 301A-P-GAVw-013_sub: Host unreachable
2026-08-01 14:38:44 [WARNING] stream_engine.worker: ⚠️ 301A-P-GAVw-014_main: Host unreachable
2026-08-01 14:38:44 [WARNING] stream_engine.worker: ⚠️ 301A-P-GAVw-014_sub: Host unreachable
2026-08-01 14:38:44 [WARNING] stream_engine.worker: ⚠️ 301A-P-GAVw-015_main: Host unreachable
2026-08-01 14:38:44 [WARNING] stream_engine.worker: ⚠️ 301A-P-GAVw-015_sub: Host unreachable
2026-08-01 14:38:44 [WARNING] stream_engine.worker: ⚠️ 301A-P-GAVw-016_main: Host unreachable
2026-08-01 14:38:44 [WARNING] stream_engine.worker: ⚠️ 301A-P-GAVw-016_sub: Host unreachable
2026-08-01 14:38:44 [WARNING] stream_engine.worker: ⚠️ 301A-P-GAVw-017_main: Host unreachable
2026-08-01 14:38:44 [WARNING] stream_engine.worker: ⚠️ 301A-P-GAVw-017_sub: Host unreachable
2026-08-01 14:38:44 [WARNING] stream_engine.worker: ⚠️ 301A-P-GAVw-018_main: Host unreachable
2026-08-01 14:38:44 [WARNING] stream_engine.worker: ⚠️ 301A-P-GAVw-018_sub: Host unreachable
2026-08-01 14:38:44 [WARNING] stream_engine.worker: ⚠️ 301A-P-GAVw-019_main: Host unreachable
2026-08-01 14:38:44 [WARNING] stream_engine.worker: ⚠️ 301A-P-GAVw-019_sub: Host unreachable
2026-08-01 14:38:44 [WARNING] stream_engine.worker: ⚠️ 301A-P-GAVw-020_main: Host unreachable
2026-08-01 14:38:44 [WARNING] stream_engine.worker: ⚠️ 301A-P-GAVw-020_sub: Host unreachable
2026-08-01 14:38:44 [WARNING] stream_engine.worker: ⚠️ 301A-P-GAVw-021_main: Host unreachable
2026-08-01 14:38:44 [WARNING] stream_engine.worker: ⚠️ 301A-P-GAVw-021_sub: Host unreachable
2026-08-01 14:38:44 [WARNING] stream_engine.worker: ⚠️ 301A-P-GAVw-022_main: Host unreachable
2026-08-01 14:38:44 [WARNING] stream_engine.worker: ⚠️ 301A-P-GAVw-022_sub: Host unreachable
2026-08-01 14:38:44 [WARNING] stream_engine.worker: ⚠️ 301A-P-GAVw-023_main: Host unreachable
2026-08-01 14:38:44 [WARNING] stream_engine.worker: ⚠️ 301A-P-GAVw-023_sub: Host unreachable
2026-08-01 14:38:44 [WARNING] stream_engine.worker: ⚠️ 301A-P-GAVw-024_main: Host unreachable
2026-08-01 14:38:44 [WARNING] stream_engine.worker: ⚠️ 301A-P-GAVw-024_sub: Host unreachable
2026-08-01 14:38:44 [WARNING] stream_engine.worker: ⚠️ 301A-P-GAVw-025_main: Host unreachable
2026-08-01 14:38:44 [WARNING] stream_engine.worker: ⚠️ 301A-P-GAVw-025_sub: Host unreachable
2026-08-01 14:38:44 [WARNING] stream_engine.worker: ⚠️ 301A-P-GAVw-026_main: Host unreachable
2026-08-01 14:38:44 [WARNING] stream_engine.worker: ⚠️ 301A-P-GAVw-026_sub: Host unreachable
2026-08-01 14:38:44 [WARNING] stream_engine.worker: ⚠️ 301A-P-GAVw-027_main: Host unreachable
2026-08-01 14:38:44 [WARNING] stream_engine.worker: ⚠️ 301A-P-GAVw-027_sub: Host unreachable
2026-08-01 14:38:44 [WARNING] stream_engine.worker: ⚠️ 301A-P-GAVw-028_main: Host unreachable
2026-08-01 14:38:44 [WARNING] stream_engine.worker: ⚠️ 301A-P-GAVw-028_sub: Host unreachable
2026-08-01 14:38:44 [WARNING] stream_engine.worker: ⚠️ 301A-P-GAVw-029_main: Host unreachable
2026-08-01 14:38:44 [WARNING] stream_engine.worker: ⚠️ 301A-P-GAVw-029_sub: Host unreachable
2026-08-01 14:38:44 [WARNING] stream_engine.worker: ⚠️ 301A-P-GAVw-030_main: Host unreachable
2026-08-01 14:38:44 [WARNING] stream_engine.worker: ⚠️ 301A-P-GAVw-030_sub: Host unreachable
2026-08-01 14:38:44 [WARNING] stream_engine.worker: ⚠️ 301A-P-GAVw-031_main: Host unreachable
2026-08-01 14:38:44 [WARNING] stream_engine.worker: ⚠️ 301A-P-GAVw-031_sub: Host unreachable
2026-08-01 14:38:44 [WARNING] stream_engine.worker: ⚠️ 301A-P-GAVw-032_main: Host unreachable
2026-08-01 14:38:44 [WARNING] stream_engine.worker: ⚠️ 301A-P-GAVw-032_sub: Host unreachable
2026-08-01 14:38:44 [WARNING] stream_engine.worker: ⚠️ 403-P-GAVw-001_main: Host unreachable
2026-08-01 14:38:44 [WARNING] stream_engine.worker: ⚠️ 403-P-GAVw-001_sub: Host unreachable
2026-08-01 14:38:44 [WARNING] stream_engine.worker: ⚠️ 403-P-GAVw-002_main: Host unreachable
2026-08-01 14:38:44 [WARNING] stream_engine.worker: ⚠️ 403-P-GAVw-002_sub: Host unreachable
2026-08-01 14:38:44 [WARNING] stream_engine.worker: ⚠️ 403-P-GAVw-003_main: Host unreachable
2026-08-01 14:38:44 [WARNING] stream_engine.worker: ⚠️ 403-P-GAVw-003_sub: Host unreachable
2026-08-01 14:38:44 [WARNING] stream_engine.worker: ⚠️ 403-P-GAVw-004_main: Host unreachable
2026-08-01 14:38:44 [WARNING] stream_engine.worker: ⚠️ 403-P-GAVw-004_sub: Host unreachable
2026-08-01 14:38:44 [WARNING] stream_engine.worker: ⚠️ 403-P-GAVw-005_main: Host unreachable
2026-08-01 14:38:44 [WARNING] stream_engine.worker: ⚠️ 403-P-GAVw-005_sub: Host unreachable
2026-08-01 14:38:44 [WARNING] stream_engine.worker: ⚠️ 403-P-GAVw-006_main: Host unreachable
2026-08-01 14:38:44 [WARNING] stream_engine.worker: ⚠️ 403-P-GAVw-006_sub: Host unreachable
2026-08-01 14:38:44 [WARNING] stream_engine.worker: ⚠️ 403-P-GAVw-007_main: Host unreachable
2026-08-01 14:38:44 [WARNING] stream_engine.worker: ⚠️ 403-P-GAVw-007_sub: Host unreachable
2026-08-01 14:38:44 [WARNING] stream_engine.worker: ⚠️ 403-P-GAVw-008_main: Host unreachable
2026-08-01 14:38:44 [WARNING] stream_engine.worker: ⚠️ 403-P-GAVw-008_sub: Host unreachable
2026-08-01 14:38:44 [WARNING] stream_engine.worker: ⚠️ 403-P-GAVw-009_main: Host unreachable
2026-08-01 14:38:44 [WARNING] stream_engine.worker: ⚠️ 403-P-GAVw-009_sub: Host unreachable
2026-08-01 14:38:44 [WARNING] stream_engine.worker: ⚠️ 403-P-GAVw-010_main: Host unreachable
2026-08-01 14:38:44 [WARNING] stream_engine.worker: ⚠️ 403-P-GAVw-010_sub: Host unreachable
2026-08-01 14:38:44 [WARNING] stream_engine.worker: ⚠️ 403-P-GAVw-011_main: Host unreachable
2026-08-01 14:38:44 [WARNING] stream_engine.worker: ⚠️ 403-P-GAVw-011_sub: Host unreachable
2026-08-01 14:38:44 [WARNING] stream_engine.worker: ⚠️ 403-P-GAVw-012_main: Host unreachable
2026-08-01 14:38:44 [WARNING] stream_engine.worker: ⚠️ 403-P-GAVw-012_sub: Host unreachable
2026-08-01 14:38:44 [WARNING] stream_engine.worker: ⚠️ 403-P-GAVw-013_main: Host unreachable
2026-08-01 14:38:44 [WARNING] stream_engine.worker: ⚠️ 403-P-GAVw-013_sub: Host unreachable
2026-08-01 14:38:44 [WARNING] stream_engine.worker: ⚠️ 403-P-GAVw-014_main: Host unreachable
2026-08-01 14:38:44 [WARNING] stream_engine.worker: ⚠️ 403-P-GAVw-014_sub: Host unreachable
2026-08-01 14:38:44 [WARNING] stream_engine.worker: ⚠️ 403-P-GAVw-015_main: Host unreachable
2026-08-01 14:38:44 [WARNING] stream_engine.worker: ⚠️ 403-P-GAVw-015_sub: Host unreachable
2026-08-01 14:38:44 [WARNING] stream_engine.worker: ⚠️ 403-P-GAVw-016_main: Host unreachable
2026-08-01 14:38:44 [WARNING] stream_engine.worker: ⚠️ 403-P-GAVw-016_sub: Host unreachable
2026-08-01 14:38:44 [WARNING] stream_engine.worker: ⚠️ 403-P-GAVw-017_main: Host unreachable
2026-08-01 14:38:44 [WARNING] stream_engine.worker: ⚠️ 403-P-GAVw-017_sub: Host unreachable
2026-08-01 14:38:44 [WARNING] stream_engine.worker: ⚠️ 403-P-GAVw-018_main: Host unreachable
2026-08-01 14:38:44 [WARNING] stream_engine.worker: ⚠️ 403-P-GAVw-018_sub: Host unreachable
2026-08-01 14:38:44 [WARNING] stream_engine.worker: ⚠️ 403-P-GAVw-019_main: Host unreachable
2026-08-01 14:38:44 [WARNING] stream_engine.worker: ⚠️ 403-P-GAVw-019_sub: Host unreachable
2026-08-01 14:38:44 [WARNING] stream_engine.worker: ⚠️ 403-P-GAVw-020_main: Host unreachable
2026-08-01 14:38:44 [WARNING] stream_engine.worker: ⚠️ 403-P-GAVw-020_sub: Host unreachable
2026-08-01 14:38:44 [WARNING] stream_engine.worker: ⚠️ 403-P-GAVw-021_main: Host unreachable
2026-08-01 14:38:44 [WARNING] stream_engine.worker: ⚠️ 403-P-GAVw-021_sub: Host unreachable
2026-08-01 14:38:44 [WARNING] stream_engine.worker: ⚠️ 403-P-GAVw-022_main: Host unreachable
2026-08-01 14:38:44 [WARNING] stream_engine.worker: ⚠️ 403-P-GAVw-022_sub: Host unreachable
2026-08-01 14:38:44 [WARNING] stream_engine.worker: ⚠️ 403-P-GAVw-023_main: Host unreachable
2026-08-01 14:38:44 [WARNING] stream_engine.worker: ⚠️ 403-P-GAVw-023_sub: Host unreachable
2026-08-01 14:38:44 [WARNING] stream_engine.worker: ⚠️ 403-P-GAVw-024_main: Host unreachable
2026-08-01 14:38:44 [WARNING] stream_engine.worker: ⚠️ 403-P-GAVw-024_sub: Host unreachable
2026-08-01 14:38:44 [WARNING] stream_engine.worker: ⚠️ 403-P-GAVw-025_main: Host unreachable
2026-08-01 14:38:44 [WARNING] stream_engine.worker: ⚠️ 403-P-GAVw-025_sub: Host unreachable
2026-08-01 14:38:44 [WARNING] stream_engine.worker: ⚠️ 403-P-GAVw-026_main: Host unreachable
2026-08-01 14:38:44 [WARNING] stream_engine.worker: ⚠️ 403-P-GAVw-026_sub: Host unreachable
2026-08-01 14:38:44 [WARNING] stream_engine.worker: ⚠️ 403-P-GAVw-027_main: Host unreachable
2026-08-01 14:38:44 [WARNING] stream_engine.worker: ⚠️ 403-P-GAVw-027_sub: Host unreachable
2026-08-01 14:38:44 [WARNING] stream_engine.worker: ⚠️ 403-P-GAVw-028_main: Host unreachable
2026-08-01 14:38:44 [WARNING] stream_engine.worker: ⚠️ 403-P-GAVw-028_sub: Host unreachable
2026-08-01 14:38:44 [WARNING] stream_engine.worker: ⚠️ 403-P-GAVw-029_main: Host unreachable
2026-08-01 14:38:44 [WARNING] stream_engine.worker: ⚠️ 403-P-GAVw-029_sub: Host unreachable
2026-08-01 14:38:44 [WARNING] stream_engine.worker: ⚠️ phone_main: Host unreachable
2026-08-01 14:38:44 [WARNING] stream_engine.worker: ⚠️ test_main: Host unreachable
2026-08-01 14:38:44 [WARNING] stream_engine.worker: ⚠️ test_sub: Host unreachable
[2026-08-01 14:38:44 +0000] [3433] [INFO] 127.0.0.1:54976 - - [01/Aug/2026:14:38:44 +0000] "GET /react-app/ 1.1" - - "-" "curl/7.88.1"
2026-08-01 14:38:51 [WARNING] stream_engine.worker: ⚠️ 210-P-GAVw-001_main: Host unreachable
2026-08-01 14:38:51 [WARNING] stream_engine.worker: ⚠️ 210-P-GAVw-001_sub: Host unreachable
2026-08-01 14:38:51 [WARNING] stream_engine.worker: ⚠️ 210-P-GAVw-002_main: Host unreachable
2026-08-01 14:38:51 [WARNING] stream_engine.worker: ⚠️ 210-P-GAVw-002_sub: Host unreachable
2026-08-01 14:38:51 [WARNING] stream_engine.worker: ⚠️ 210-P-GAVw-003_main: Host unreachable
2026-08-01 14:38:51 [WARNING] stream_engine.worker: ⚠️ 210-P-GAVw-003_sub: Host unreachable
2026-08-01 14:38:51 [WARNING] stream_engine.worker: ⚠️ 210-P-GAVw-004_main: Host unreachable
2026-08-01 14:38:51 [WARNING] stream_engine.worker: ⚠️ 210-P-GAVw-004_sub: Host unreachable
2026-08-01 14:38:51 [WARNING] stream_engine.worker: ⚠️ 301A-P-GAVw-001_main: Host unreachable
2026-08-01 14:38:51 [WARNING] stream_engine.worker: ⚠️ 301A-P-GAVw-001_sub: Host unreachable
2026-08-01 14:38:51 [WARNING] stream_engine.worker: ⚠️ 301A-P-GAVw-002_main: Host unreachable
2026-08-01 14:38:51 [WARNING] stream_engine.worker: ⚠️ 301A-P-GAVw-002_sub: Host unreachable
2026-08-01 14:38:51 [WARNING] stream_engine.worker: ⚠️ 301A-P-GAVw-003_main: Host unreachable
2026-08-01 14:38:51 [WARNING] stream_engine.worker: ⚠️ 301A-P-GAVw-003_sub: Host unreachable
2026-08-01 14:38:51 [WARNING] stream_engine.worker: ⚠️ 301A-P-GAVw-004_main: Host unreachable
2026-08-01 14:38:51 [WARNING] stream_engine.worker: ⚠️ 301A-P-GAVw-004_sub: Host unreachable
2026-08-01 14:38:51 [WARNING] stream_engine.worker: ⚠️ 301A-P-GAVw-005_main: Host unreachable
2026-08-01 14:38:51 [WARNING] stream_engine.worker: ⚠️ 301A-P-GAVw-005_sub: Host unreachable
2026-08-01 14:38:51 [WARNING] stream_engine.worker: ⚠️ 301A-P-GAVw-006_main: Host unreachable
2026-08-01 14:38:51 [WARNING] stream_engine.worker: ⚠️ 301A-P-GAVw-006_sub: Host unreachable
2026-08-01 14:38:51 [WARNING] stream_engine.worker: ⚠️ 301A-P-GAVw-007_main: Host unreachable
2026-08-01 14:38:51 [WARNING] stream_engine.worker: ⚠️ 301A-P-GAVw-007_sub: Host unreachable
2026-08-01 14:38:51 [WARNING] stream_engine.worker: ⚠️ 301A-P-GAVw-008_main: Host unreachable
2026-08-01 14:38:51 [WARNING] stream_engine.worker: ⚠️ 301A-P-GAVw-008_sub: Host unreachable
2026-08-01 14:38:51 [WARNING] stream_engine.worker: ⚠️ 301A-P-GAVw-009_main: Host unreachable
2026-08-01 14:38:51 [WARNING] stream_engine.worker: ⚠️ 301A-P-GAVw-009_sub: Host unreachable
2026-08-01 14:38:51 [WARNING] stream_engine.worker: ⚠️ 301A-P-GAVw-010_main: Host unreachable
2026-08-01 14:38:51 [WARNING] stream_engine.worker: ⚠️ 301A-P-GAVw-010_sub: Host unreachable
2026-08-01 14:38:51 [WARNING] stream_engine.worker: ⚠️ 301A-P-GAVw-011_main: Host unreachable
2026-08-01 14:38:51 [WARNING] stream_engine.worker: ⚠️ 301A-P-GAVw-011_sub: Host unreachable
2026-08-01 14:38:51 [WARNING] stream_engine.worker: ⚠️ 301A-P-GAVw-012_main: Host unreachable
2026-08-01 14:38:51 [WARNING] stream_engine.worker: ⚠️ 301A-P-GAVw-012_sub: Host unreachable
2026-08-01 14:38:51 [WARNING] stream_engine.worker: ⚠️ 301A-P-GAVw-013_main: Host unreachable
2026-08-01 14:38:51 [WARNING] stream_engine.worker: ⚠️ 301A-P-GAVw-013_sub: Host unreachable
2026-08-01 14:38:51 [WARNING] stream_engine.worker: ⚠️ 301A-P-GAVw-014_main: Host unreachable
2026-08-01 14:38:51 [WARNING] stream_engine.worker: ⚠️ 301A-P-GAVw-014_sub: Host unreachable
2026-08-01 14:38:51 [WARNING] stream_engine.worker: ⚠️ 301A-P-GAVw-015_main: Host unreachable
2026-08-01 14:38:51 [WARNING] stream_engine.worker: ⚠️ 301A-P-GAVw-015_sub: Host unreachable
2026-08-01 14:38:51 [WARNING] stream_engine.worker: ⚠️ 301A-P-GAVw-016_main: Host unreachable
2026-08-01 14:38:51 [WARNING] stream_engine.worker: ⚠️ 301A-P-GAVw-016_sub: Host unreachable
2026-08-01 14:38:51 [WARNING] stream_engine.worker: ⚠️ 301A-P-GAVw-017_main: Host unreachable
2026-08-01 14:38:51 [WARNING] stream_engine.worker: ⚠️ 301A-P-GAVw-017_sub: Host unreachable
2026-08-01 14:38:51 [WARNING] stream_engine.worker: ⚠️ 301A-P-GAVw-018_main: Host unreachable
2026-08-01 14:38:51 [WARNING] stream_engine.worker: ⚠️ 301A-P-GAVw-018_sub: Host unreachable
2026-08-01 14:38:51 [WARNING] stream_engine.worker: ⚠️ 301A-P-GAVw-019_main: Host unreachable
2026-08-01 14:38:51 [WARNING] stream_engine.worker: ⚠️ 301A-P-GAVw-019_sub: Host unreachable
2026-08-01 14:38:51 [WARNING] stream_engine.worker: ⚠️ 301A-P-GAVw-020_main: Host unreachable
2026-08-01 14:38:51 [WARNING] stream_engine.worker: ⚠️ 301A-P-GAVw-020_sub: Host unreachable
2026-08-01 14:38:51 [WARNING] stream_engine.worker: ⚠️ 301A-P-GAVw-021_main: Host unreachable
2026-08-01 14:38:51 [WARNING] stream_engine.worker: ⚠️ 301A-P-GAVw-021_sub: Host unreachable
2026-08-01 14:38:51 [WARNING] stream_engine.worker: ⚠️ 301A-P-GAVw-022_main: Host unreachable
2026-08-01 14:38:51 [WARNING] stream_engine.worker: ⚠️ 301A-P-GAVw-022_sub: Host unreachable
2026-08-01 14:38:51 [WARNING] stream_engine.worker: ⚠️ 301A-P-GAVw-023_main: Host unreachable
2026-08-01 14:38:51 [WARNING] stream_engine.worker: ⚠️ 301A-P-GAVw-023_sub: Host unreachable
2026-08-01 14:38:51 [WARNING] stream_engine.worker: ⚠️ 301A-P-GAVw-024_main: Host unreachable
2026-08-01 14:38:51 [WARNING] stream_engine.worker: ⚠️ 301A-P-GAVw-024_sub: Host unreachable
2026-08-01 14:38:51 [WARNING] stream_engine.worker: ⚠️ 301A-P-GAVw-025_main: Host unreachable
2026-08-01 14:38:51 [WARNING] stream_engine.worker: ⚠️ 301A-P-GAVw-025_sub: Host unreachable
2026-08-01 14:38:51 [WARNING] stream_engine.worker: ⚠️ 301A-P-GAVw-026_main: Host unreachable
2026-08-01 14:38:51 [WARNING] stream_engine.worker: ⚠️ 301A-P-GAVw-026_sub: Host unreachable
2026-08-01 14:38:51 [WARNING] stream_engine.worker: ⚠️ 301A-P-GAVw-027_main: Host unreachable
2026-08-01 14:38:51 [WARNING] stream_engine.worker: ⚠️ 301A-P-GAVw-027_sub: Host unreachable
2026-08-01 14:38:51 [WARNING] stream_engine.worker: ⚠️ 301A-P-GAVw-028_main: Host unreachable
2026-08-01 14:38:51 [WARNING] stream_engine.worker: ⚠️ 301A-P-GAVw-028_sub: Host unreachable
2026-08-01 14:38:51 [WARNING] stream_engine.worker: ⚠️ 301A-P-GAVw-029_main: Host unreachable
2026-08-01 14:38:51 [WARNING] stream_engine.worker: ⚠️ 301A-P-GAVw-029_sub: Host unreachable
2026-08-01 14:38:51 [WARNING] stream_engine.worker: ⚠️ 301A-P-GAVw-030_main: Host unreachable
2026-08-01 14:38:51 [WARNING] stream_engine.worker: ⚠️ 301A-P-GAVw-030_sub: Host unreachable
2026-08-01 14:38:51 [WARNING] stream_engine.worker: ⚠️ 301A-P-GAVw-031_main: Host unreachable
2026-08-01 14:38:51 [WARNING] stream_engine.worker: ⚠️ 301A-P-GAVw-031_sub: Host unreachable
2026-08-01 14:38:51 [WARNING] stream_engine.worker: ⚠️ 301A-P-GAVw-032_main: Host unreachable
2026-08-01 14:38:51 [WARNING] stream_engine.worker: ⚠️ 301A-P-GAVw-032_sub: Host unreachable
2026-08-01 14:38:51 [WARNING] stream_engine.worker: ⚠️ 403-P-GAVw-001_main: Host unreachable
2026-08-01 14:38:51 [WARNING] stream_engine.worker: ⚠️ 403-P-GAVw-001_sub: Host unreachable
2026-08-01 14:38:51 [WARNING] stream_engine.worker: ⚠️ 403-P-GAVw-002_main: Host unreachable
2026-08-01 14:38:51 [WARNING] stream_engine.worker: ⚠️ 403-P-GAVw-002_sub: Host unreachable
2026-08-01 14:38:51 [WARNING] stream_engine.worker: ⚠️ 403-P-GAVw-003_main: Host unreachable
2026-08-01 14:38:51 [WARNING] stream_engine.worker: ⚠️ 403-P-GAVw-003_sub: Host unreachable
2026-08-01 14:38:51 [WARNING] stream_engine.worker: ⚠️ 403-P-GAVw-004_main: Host unreachable
2026-08-01 14:38:51 [WARNING] stream_engine.worker: ⚠️ 403-P-GAVw-004_sub: Host unreachable
2026-08-01 14:38:51 [WARNING] stream_engine.worker: ⚠️ 403-P-GAVw-005_main: Host unreachable
2026-08-01 14:38:51 [WARNING] stream_engine.worker: ⚠️ 403-P-GAVw-005_sub: Host unreachable
2026-08-01 14:38:51 [WARNING] stream_engine.worker: ⚠️ 403-P-GAVw-006_main: Host unreachable
2026-08-01 14:38:51 [WARNING] stream_engine.worker: ⚠️ 403-P-GAVw-006_sub: Host unreachable
2026-08-01 14:38:51 [WARNING] stream_engine.worker: ⚠️ 403-P-GAVw-007_main: Host unreachable
2026-08-01 14:38:51 [WARNING] stream_engine.worker: ⚠️ 403-P-GAVw-007_sub: Host unreachable
2026-08-01 14:38:51 [WARNING] stream_engine.worker: ⚠️ 403-P-GAVw-008_main: Host unreachable
2026-08-01 14:38:51 [WARNING] stream_engine.worker: ⚠️ 403-P-GAVw-008_sub: Host unreachable
2026-08-01 14:38:51 [WARNING] stream_engine.worker: ⚠️ 403-P-GAVw-009_main: Host unreachable
2026-08-01 14:38:51 [WARNING] stream_engine.worker: ⚠️ 403-P-GAVw-009_sub: Host unreachable
2026-08-01 14:38:51 [WARNING] stream_engine.worker: ⚠️ 403-P-GAVw-010_main: Host unreachable
2026-08-01 14:38:51 [WARNING] stream_engine.worker: ⚠️ 403-P-GAVw-010_sub: Host unreachable
2026-08-01 14:38:51 [WARNING] stream_engine.worker: ⚠️ 403-P-GAVw-011_main: Host unreachable
2026-08-01 14:38:51 [WARNING] stream_engine.worker: ⚠️ 403-P-GAVw-011_sub: Host unreachable
2026-08-01 14:38:51 [WARNING] stream_engine.worker: ⚠️ 403-P-GAVw-012_main: Host unreachable
2026-08-01 14:38:51 [WARNING] stream_engine.worker: ⚠️ 403-P-GAVw-012_sub: Host unreachable
2026-08-01 14:38:51 [WARNING] stream_engine.worker: ⚠️ 403-P-GAVw-013_main: Host unreachable
2026-08-01 14:38:51 [WARNING] stream_engine.worker: ⚠️ 403-P-GAVw-013_sub: Host unreachable
2026-08-01 14:38:51 [WARNING] stream_engine.worker: ⚠️ 403-P-GAVw-014_main: Host unreachable
2026-08-01 14:38:51 [WARNING] stream_engine.worker: ⚠️ 403-P-GAVw-014_sub: Host unreachable
2026-08-01 14:38:51 [WARNING] stream_engine.worker: ⚠️ 403-P-GAVw-015_main: Host unreachable
2026-08-01 14:38:51 [WARNING] stream_engine.worker: ⚠️ 403-P-GAVw-015_sub: Host unreachable
2026-08-01 14:38:51 [WARNING] stream_engine.worker: ⚠️ 403-P-GAVw-016_main: Host unreachable
2026-08-01 14:38:51 [WARNING] stream_engine.worker: ⚠️ 403-P-GAVw-016_sub: Host unreachable
2026-08-01 14:38:51 [WARNING] stream_engine.worker: ⚠️ 403-P-GAVw-017_main: Host unreachable
2026-08-01 14:38:51 [WARNING] stream_engine.worker: ⚠️ 403-P-GAVw-017_sub: Host unreachable
2026-08-01 14:38:51 [WARNING] stream_engine.worker: ⚠️ 403-P-GAVw-018_main: Host unreachable
2026-08-01 14:38:51 [WARNING] stream_engine.worker: ⚠️ 403-P-GAVw-018_sub: Host unreachable
2026-08-01 14:38:51 [WARNING] stream_engine.worker: ⚠️ 403-P-GAVw-019_main: Host unreachable
2026-08-01 14:38:51 [WARNING] stream_engine.worker: ⚠️ 403-P-GAVw-019_sub: Host unreachable
2026-08-01 14:38:51 [WARNING] stream_engine.worker: ⚠️ 403-P-GAVw-020_main: Host unreachable
2026-08-01 14:38:51 [WARNING] stream_engine.worker: ⚠️ 403-P-GAVw-020_sub: Host unreachable
2026-08-01 14:38:51 [WARNING] stream_engine.worker: ⚠️ 403-P-GAVw-021_main: Host unreachable
2026-08-01 14:38:51 [WARNING] stream_engine.worker: ⚠️ 403-P-GAVw-021_sub: Host unreachable
2026-08-01 14:38:51 [WARNING] stream_engine.worker: ⚠️ 403-P-GAVw-022_main: Host unreachable
2026-08-01 14:38:51 [WARNING] stream_engine.worker: ⚠️ 403-P-GAVw-022_sub: Host unreachable
2026-08-01 14:38:51 [WARNING] stream_engine.worker: ⚠️ 403-P-GAVw-023_main: Host unreachable
2026-08-01 14:38:51 [WARNING] stream_engine.worker: ⚠️ 403-P-GAVw-023_sub: Host unreachable
2026-08-01 14:38:51 [WARNING] stream_engine.worker: ⚠️ 403-P-GAVw-024_main: Host unreachable
2026-08-01 14:38:51 [WARNING] stream_engine.worker: ⚠️ 403-P-GAVw-024_sub: Host unreachable
2026-08-01 14:38:51 [WARNING] stream_engine.worker: ⚠️ 403-P-GAVw-025_main: Host unreachable
2026-08-01 14:38:51 [WARNING] stream_engine.worker: ⚠️ 403-P-GAVw-025_sub: Host unreachable
2026-08-01 14:38:51 [WARNING] stream_engine.worker: ⚠️ 403-P-GAVw-026_main: Host unreachable
2026-08-01 14:38:51 [WARNING] stream_engine.worker: ⚠️ 403-P-GAVw-026_sub: Host unreachable
2026-08-01 14:38:51 [WARNING] stream_engine.worker: ⚠️ 403-P-GAVw-027_main: Host unreachable
2026-08-01 14:38:51 [WARNING] stream_engine.worker: ⚠️ 403-P-GAVw-027_sub: Host unreachable
2026-08-01 14:38:51 [WARNING] stream_engine.worker: ⚠️ 403-P-GAVw-028_main: Host unreachable
2026-08-01 14:38:51 [WARNING] stream_engine.worker: ⚠️ 403-P-GAVw-028_sub: Host unreachable
2026-08-01 14:38:51 [WARNING] stream_engine.worker: ⚠️ 403-P-GAVw-029_main: Host unreachable
2026-08-01 14:38:51 [WARNING] stream_engine.worker: ⚠️ 403-P-GAVw-029_sub: Host unreachable
2026-08-01 14:38:51 [WARNING] stream_engine.worker: ⚠️ phone_main: Host unreachable
2026-08-01 14:38:51 [WARNING] stream_engine.worker: ⚠️ test_main: Host unreachable
2026-08-01 14:38:51 [WARNING] stream_engine.worker: ⚠️ test_sub: Host unreachable
2026-08-01 14:39:00 [WARNING] stream_engine.worker: ⚠️ 210-P-GAVw-001_main: Host unreachable
2026-08-01 14:39:00 [WARNING] stream_engine.worker: ⚠️ 210-P-GAVw-001_sub: Host unreachable
2026-08-01 14:39:00 [WARNING] stream_engine.worker: ⚠️ 210-P-GAVw-002_main: Host unreachable
2026-08-01 14:39:00 [WARNING] stream_engine.worker: ⚠️ 210-P-GAVw-002_sub: Host unreachable
2026-08-01 14:39:00 [WARNING] stream_engine.worker: ⚠️ 210-P-GAVw-003_main: Host unreachable
2026-08-01 14:39:00 [WARNING] stream_engine.worker: ⚠️ 210-P-GAVw-003_sub: Host unreachable
2026-08-01 14:39:00 [WARNING] stream_engine.worker: ⚠️ 210-P-GAVw-004_main: Host unreachable
2026-08-01 14:39:00 [WARNING] stream_engine.worker: ⚠️ 210-P-GAVw-004_sub: Host unreachable
2026-08-01 14:39:00 [WARNING] stream_engine.worker: ⚠️ 301A-P-GAVw-001_main: Host unreachable
2026-08-01 14:39:00 [WARNING] stream_engine.worker: ⚠️ 301A-P-GAVw-001_sub: Host unreachable
2026-08-01 14:39:00 [WARNING] stream_engine.worker: ⚠️ 301A-P-GAVw-002_main: Host unreachable
2026-08-01 14:39:00 [WARNING] stream_engine.worker: ⚠️ 301A-P-GAVw-002_sub: Host unreachable
2026-08-01 14:39:00 [WARNING] stream_engine.worker: ⚠️ 301A-P-GAVw-003_main: Host unreachable
2026-08-01 14:39:00 [WARNING] stream_engine.worker: ⚠️ 301A-P-GAVw-003_sub: Host unreachable
2026-08-01 14:39:00 [WARNING] stream_engine.worker: ⚠️ 301A-P-GAVw-004_main: Host unreachable
2026-08-01 14:39:00 [WARNING] stream_engine.worker: ⚠️ 301A-P-GAVw-004_sub: Host unreachable
2026-08-01 14:39:00 [WARNING] stream_engine.worker: ⚠️ 301A-P-GAVw-005_main: Host unreachable
2026-08-01 14:39:00 [WARNING] stream_engine.worker: ⚠️ 301A-P-GAVw-005_sub: Host unreachable
2026-08-01 14:39:00 [WARNING] stream_engine.worker: ⚠️ 301A-P-GAVw-006_main: Host unreachable
2026-08-01 14:39:00 [WARNING] stream_engine.worker: ⚠️ 301A-P-GAVw-006_sub: Host unreachable
2026-08-01 14:39:00 [WARNING] stream_engine.worker: ⚠️ 301A-P-GAVw-007_main: Host unreachable
2026-08-01 14:39:00 [WARNING] stream_engine.worker: ⚠️ 301A-P-GAVw-007_sub: Host unreachable
2026-08-01 14:39:00 [WARNING] stream_engine.worker: ⚠️ 301A-P-GAVw-008_main: Host unreachable
2026-08-01 14:39:00 [WARNING] stream_engine.worker: ⚠️ 301A-P-GAVw-008_sub: Host unreachable
2026-08-01 14:39:00 [WARNING] stream_engine.worker: ⚠️ 301A-P-GAVw-009_main: Host unreachable
2026-08-01 14:39:00 [WARNING] stream_engine.worker: ⚠️ 301A-P-GAVw-009_sub: Host unreachable
2026-08-01 14:39:00 [WARNING] stream_engine.worker: ⚠️ 301A-P-GAVw-010_main: Host unreachable
2026-08-01 14:39:00 [WARNING] stream_engine.worker: ⚠️ 301A-P-GAVw-010_sub: Host unreachable
2026-08-01 14:39:00 [WARNING] stream_engine.worker: ⚠️ 301A-P-GAVw-011_main: Host unreachable
2026-08-01 14:39:00 [WARNING] stream_engine.worker: ⚠️ 301A-P-GAVw-011_sub: Host unreachable
2026-08-01 14:39:00 [WARNING] stream_engine.worker: ⚠️ 301A-P-GAVw-012_main: Host unreachable
2026-08-01 14:39:00 [WARNING] stream_engine.worker: ⚠️ 301A-P-GAVw-012_sub: Host unreachable
2026-08-01 14:39:00 [WARNING] stream_engine.worker: ⚠️ 301A-P-GAVw-013_main: Host unreachable
2026-08-01 14:39:00 [WARNING] stream_engine.worker: ⚠️ 301A-P-GAVw-013_sub: Host unreachable
2026-08-01 14:39:00 [WARNING] stream_engine.worker: ⚠️ 301A-P-GAVw-014_main: Host unreachable
2026-08-01 14:39:00 [WARNING] stream_engine.worker: ⚠️ 301A-P-GAVw-014_sub: Host unreachable
2026-08-01 14:39:00 [WARNING] stream_engine.worker: ⚠️ 301A-P-GAVw-015_main: Host unreachable
2026-08-01 14:39:00 [WARNING] stream_engine.worker: ⚠️ 301A-P-GAVw-015_sub: Host unreachable
2026-08-01 14:39:00 [WARNING] stream_engine.worker: ⚠️ 301A-P-GAVw-016_main: Host unreachable
2026-08-01 14:39:00 [WARNING] stream_engine.worker: ⚠️ 301A-P-GAVw-016_sub: Host unreachable
2026-08-01 14:39:00 [WARNING] stream_engine.worker: ⚠️ 301A-P-GAVw-017_main: Host unreachable
2026-08-01 14:39:00 [WARNING] stream_engine.worker: ⚠️ 301A-P-GAVw-017_sub: Host unreachable
2026-08-01 14:39:00 [WARNING] stream_engine.worker: ⚠️ 301A-P-GAVw-018_main: Host unreachable
2026-08-01 14:39:00 [WARNING] stream_engine.worker: ⚠️ 301A-P-GAVw-018_sub: Host unreachable
2026-08-01 14:39:00 [WARNING] stream_engine.worker: ⚠️ 301A-P-GAVw-019_main: Host unreachable
2026-08-01 14:39:00 [WARNING] stream_engine.worker: ⚠️ 301A-P-GAVw-019_sub: Host unreachable
2026-08-01 14:39:00 [WARNING] stream_engine.worker: ⚠️ 301A-P-GAVw-020_main: Host unreachable
2026-08-01 14:39:00 [WARNING] stream_engine.worker: ⚠️ 301A-P-GAVw-020_sub: Host unreachable
2026-08-01 14:39:00 [WARNING] stream_engine.worker: ⚠️ 301A-P-GAVw-021_main: Host unreachable
2026-08-01 14:39:00 [WARNING] stream_engine.worker: ⚠️ 301A-P-GAVw-021_sub: Host unreachable
2026-08-01 14:39:00 [WARNING] stream_engine.worker: ⚠️ 301A-P-GAVw-022_main: Host unreachable
2026-08-01 14:39:00 [WARNING] stream_engine.worker: ⚠️ 301A-P-GAVw-022_sub: Host unreachable
2026-08-01 14:39:00 [WARNING] stream_engine.worker: ⚠️ 301A-P-GAVw-023_main: Host unreachable
2026-08-01 14:39:00 [WARNING] stream_engine.worker: ⚠️ 301A-P-GAVw-023_sub: Host unreachable
2026-08-01 14:39:00 [WARNING] stream_engine.worker: ⚠️ 301A-P-GAVw-024_main: Host unreachable
2026-08-01 14:39:00 [WARNING] stream_engine.worker: ⚠️ 301A-P-GAVw-024_sub: Host unreachable
2026-08-01 14:39:00 [WARNING] stream_engine.worker: ⚠️ 301A-P-GAVw-025_main: Host unreachable
2026-08-01 14:39:00 [WARNING] stream_engine.worker: ⚠️ 301A-P-GAVw-025_sub: Host unreachable
2026-08-01 14:39:00 [WARNING] stream_engine.worker: ⚠️ 301A-P-GAVw-026_main: Host unreachable
2026-08-01 14:39:00 [WARNING] stream_engine.worker: ⚠️ 301A-P-GAVw-026_sub: Host unreachable
2026-08-01 14:39:00 [WARNING] stream_engine.worker: ⚠️ 301A-P-GAVw-027_main: Host unreachable
2026-08-01 14:39:00 [WARNING] stream_engine.worker: ⚠️ 301A-P-GAVw-027_sub: Host unreachable
2026-08-01 14:39:00 [WARNING] stream_engine.worker: ⚠️ 301A-P-GAVw-028_main: Host unreachable
2026-08-01 14:39:00 [WARNING] stream_engine.worker: ⚠️ 301A-P-GAVw-028_sub: Host unreachable
2026-08-01 14:39:00 [WARNING] stream_engine.worker: ⚠️ 301A-P-GAVw-029_main: Host unreachable
2026-08-01 14:39:00 [WARNING] stream_engine.worker: ⚠️ 301A-P-GAVw-029_sub: Host unreachable
2026-08-01 14:39:00 [WARNING] stream_engine.worker: ⚠️ 301A-P-GAVw-030_main: Host unreachable
2026-08-01 14:39:00 [WARNING] stream_engine.worker: ⚠️ 301A-P-GAVw-030_sub: Host unreachable
2026-08-01 14:39:00 [WARNING] stream_engine.worker: ⚠️ 301A-P-GAVw-031_main: Host unreachable
2026-08-01 14:39:00 [WARNING] stream_engine.worker: ⚠️ 301A-P-GAVw-031_sub: Host unreachable
2026-08-01 14:39:00 [WARNING] stream_engine.worker: ⚠️ 301A-P-GAVw-032_main: Host unreachable
2026-08-01 14:39:00 [WARNING] stream_engine.worker: ⚠️ 301A-P-GAVw-032_sub: Host unreachable
2026-08-01 14:39:00 [WARNING] stream_engine.worker: ⚠️ 403-P-GAVw-001_main: Host unreachable
2026-08-01 14:39:00 [WARNING] stream_engine.worker: ⚠️ 403-P-GAVw-001_sub: Host unreachable
2026-08-01 14:39:00 [WARNING] stream_engine.worker: ⚠️ 403-P-GAVw-002_main: Host unreachable
2026-08-01 14:39:00 [WARNING] stream_engine.worker: ⚠️ 403-P-GAVw-002_sub: Host unreachable
2026-08-01 14:39:00 [WARNING] stream_engine.worker: ⚠️ 403-P-GAVw-003_main: Host unreachable
2026-08-01 14:39:00 [WARNING] stream_engine.worker: ⚠️ 403-P-GAVw-003_sub: Host unreachable
2026-08-01 14:39:00 [WARNING] stream_engine.worker: ⚠️ 403-P-GAVw-004_main: Host unreachable
2026-08-01 14:39:00 [WARNING] stream_engine.worker: ⚠️ 403-P-GAVw-004_sub: Host unreachable
2026-08-01 14:39:00 [WARNING] stream_engine.worker: ⚠️ 403-P-GAVw-005_main: Host unreachable
2026-08-01 14:39:00 [WARNING] stream_engine.worker: ⚠️ 403-P-GAVw-005_sub: Host unreachable
2026-08-01 14:39:00 [WARNING] stream_engine.worker: ⚠️ 403-P-GAVw-006_main: Host unreachable
2026-08-01 14:39:00 [WARNING] stream_engine.worker: ⚠️ 403-P-GAVw-006_sub: Host unreachable
2026-08-01 14:39:00 [WARNING] stream_engine.worker: ⚠️ 403-P-GAVw-007_main: Host unreachable
2026-08-01 14:39:00 [WARNING] stream_engine.worker: ⚠️ 403-P-GAVw-007_sub: Host unreachable
2026-08-01 14:39:00 [WARNING] stream_engine.worker: ⚠️ 403-P-GAVw-008_main: Host unreachable
2026-08-01 14:39:00 [WARNING] stream_engine.worker: ⚠️ 403-P-GAVw-008_sub: Host unreachable
2026-08-01 14:39:00 [WARNING] stream_engine.worker: ⚠️ 403-P-GAVw-009_main: Host unreachable
2026-08-01 14:39:00 [WARNING] stream_engine.worker: ⚠️ 403-P-GAVw-009_sub: Host unreachable
2026-08-01 14:39:00 [WARNING] stream_engine.worker: ⚠️ 403-P-GAVw-010_main: Host unreachable
2026-08-01 14:39:00 [WARNING] stream_engine.worker: ⚠️ 403-P-GAVw-010_sub: Host unreachable
2026-08-01 14:39:00 [WARNING] stream_engine.worker: ⚠️ 403-P-GAVw-011_main: Host unreachable
2026-08-01 14:39:00 [WARNING] stream_engine.worker: ⚠️ 403-P-GAVw-011_sub: Host unreachable
2026-08-01 14:39:00 [WARNING] stream_engine.worker: ⚠️ 403-P-GAVw-012_main: Host unreachable
2026-08-01 14:39:00 [WARNING] stream_engine.worker: ⚠️ 403-P-GAVw-012_sub: Host unreachable
2026-08-01 14:39:00 [WARNING] stream_engine.worker: ⚠️ 403-P-GAVw-013_main: Host unreachable
2026-08-01 14:39:00 [WARNING] stream_engine.worker: ⚠️ 403-P-GAVw-013_sub: Host unreachable
2026-08-01 14:39:00 [WARNING] stream_engine.worker: ⚠️ 403-P-GAVw-014_main: Host unreachable
2026-08-01 14:39:00 [WARNING] stream_engine.worker: ⚠️ 403-P-GAVw-014_sub: Host unreachable
2026-08-01 14:39:00 [WARNING] stream_engine.worker: ⚠️ 403-P-GAVw-015_main: Host unreachable
2026-08-01 14:39:00 [WARNING] stream_engine.worker: ⚠️ 403-P-GAVw-015_sub: Host unreachable
2026-08-01 14:39:00 [WARNING] stream_engine.worker: ⚠️ 403-P-GAVw-016_main: Host unreachable
2026-08-01 14:39:00 [WARNING] stream_engine.worker: ⚠️ 403-P-GAVw-016_sub: Host unreachable
2026-08-01 14:39:00 [WARNING] stream_engine.worker: ⚠️ 403-P-GAVw-017_main: Host unreachable
2026-08-01 14:39:00 [WARNING] stream_engine.worker: ⚠️ 403-P-GAVw-017_sub: Host unreachable
2026-08-01 14:39:00 [WARNING] stream_engine.worker: ⚠️ 403-P-GAVw-018_main: Host unreachable
2026-08-01 14:39:00 [WARNING] stream_engine.worker: ⚠️ 403-P-GAVw-018_sub: Host unreachable
2026-08-01 14:39:00 [WARNING] stream_engine.worker: ⚠️ 403-P-GAVw-019_main: Host unreachable
2026-08-01 14:39:00 [WARNING] stream_engine.worker: ⚠️ 403-P-GAVw-019_sub: Host unreachable
2026-08-01 14:39:00 [WARNING] stream_engine.worker: ⚠️ 403-P-GAVw-020_main: Host unreachable
2026-08-01 14:39:00 [WARNING] stream_engine.worker: ⚠️ 403-P-GAVw-020_sub: Host unreachable
2026-08-01 14:39:00 [WARNING] stream_engine.worker: ⚠️ 403-P-GAVw-021_main: Host unreachable
2026-08-01 14:39:00 [WARNING] stream_engine.worker: ⚠️ 403-P-GAVw-021_sub: Host unreachable
2026-08-01 14:39:00 [WARNING] stream_engine.worker: ⚠️ 403-P-GAVw-022_main: Host unreachable
2026-08-01 14:39:00 [WARNING] stream_engine.worker: ⚠️ 403-P-GAVw-022_sub: Host unreachable
2026-08-01 14:39:00 [WARNING] stream_engine.worker: ⚠️ 403-P-GAVw-023_main: Host unreachable
2026-08-01 14:39:00 [WARNING] stream_engine.worker: ⚠️ 403-P-GAVw-023_sub: Host unreachable
2026-08-01 14:39:00 [WARNING] stream_engine.worker: ⚠️ 403-P-GAVw-024_main: Host unreachable
2026-08-01 14:39:00 [WARNING] stream_engine.worker: ⚠️ 403-P-GAVw-024_sub: Host unreachable
2026-08-01 14:39:00 [WARNING] stream_engine.worker: ⚠️ 403-P-GAVw-025_main: Host unreachable
2026-08-01 14:39:00 [WARNING] stream_engine.worker: ⚠️ 403-P-GAVw-025_sub: Host unreachable
2026-08-01 14:39:00 [WARNING] stream_engine.worker: ⚠️ 403-P-GAVw-026_main: Host unreachable
2026-08-01 14:39:00 [WARNING] stream_engine.worker: ⚠️ 403-P-GAVw-026_sub: Host unreachable
2026-08-01 14:39:00 [WARNING] stream_engine.worker: ⚠️ 403-P-GAVw-027_main: Host unreachable
2026-08-01 14:39:00 [WARNING] stream_engine.worker: ⚠️ 403-P-GAVw-027_sub: Host unreachable
2026-08-01 14:39:00 [WARNING] stream_engine.worker: ⚠️ 403-P-GAVw-028_main: Host unreachable
2026-08-01 14:39:00 [WARNING] stream_engine.worker: ⚠️ 403-P-GAVw-028_sub: Host unreachable
2026-08-01 14:39:00 [WARNING] stream_engine.worker: ⚠️ 403-P-GAVw-029_main: Host unreachable
2026-08-01 14:39:00 [WARNING] stream_engine.worker: ⚠️ 403-P-GAVw-029_sub: Host unreachable
2026-08-01 14:39:00 [WARNING] stream_engine.worker: ⚠️ phone_main: Host unreachable
2026-08-01 14:39:00 [WARNING] stream_engine.worker: ⚠️ test_main: Host unreachable
2026-08-01 14:39:00 [WARNING] stream_engine.worker: ⚠️ test_sub: Host unreachable
2026-08-01 14:39:13 [WARNING] stream_engine.worker: ⚠️ 210-P-GAVw-001_main: Host unreachable
2026-08-01 14:39:13 [WARNING] stream_engine.worker: ⚠️ 210-P-GAVw-001_sub: Host unreachable
2026-08-01 14:39:13 [WARNING] stream_engine.worker: ⚠️ 210-P-GAVw-002_main: Host unreachable
2026-08-01 14:39:13 [WARNING] stream_engine.worker: ⚠️ 210-P-GAVw-002_sub: Host unreachable
2026-08-01 14:39:13 [WARNING] stream_engine.worker: ⚠️ 210-P-GAVw-003_main: Host unreachable
2026-08-01 14:39:13 [WARNING] stream_engine.worker: ⚠️ 210-P-GAVw-003_sub: Host unreachable
2026-08-01 14:39:13 [WARNING] stream_engine.worker: ⚠️ 210-P-GAVw-004_main: Host unreachable
2026-08-01 14:39:13 [WARNING] stream_engine.worker: ⚠️ 210-P-GAVw-004_sub: Host unreachable
2026-08-01 14:39:13 [WARNING] stream_engine.worker: ⚠️ 301A-P-GAVw-001_main: Host unreachable
2026-08-01 14:39:13 [WARNING] stream_engine.worker: ⚠️ 301A-P-GAVw-001_sub: Host unreachable
2026-08-01 14:39:13 [WARNING] stream_engine.worker: ⚠️ 301A-P-GAVw-002_main: Host unreachable
2026-08-01 14:39:13 [WARNING] stream_engine.worker: ⚠️ 301A-P-GAVw-002_sub: Host unreachable
2026-08-01 14:39:13 [WARNING] stream_engine.worker: ⚠️ 301A-P-GAVw-003_main: Host unreachable
2026-08-01 14:39:13 [WARNING] stream_engine.worker: ⚠️ 301A-P-GAVw-003_sub: Host unreachable
2026-08-01 14:39:13 [WARNING] stream_engine.worker: ⚠️ 301A-P-GAVw-004_main: Host unreachable
2026-08-01 14:39:13 [WARNING] stream_engine.worker: ⚠️ 301A-P-GAVw-004_sub: Host unreachable
2026-08-01 14:39:13 [WARNING] stream_engine.worker: ⚠️ 301A-P-GAVw-005_main: Host unreachable
2026-08-01 14:39:13 [WARNING] stream_engine.worker: ⚠️ 301A-P-GAVw-005_sub: Host unreachable
2026-08-01 14:39:13 [WARNING] stream_engine.worker: ⚠️ 301A-P-GAVw-006_main: Host unreachable
2026-08-01 14:39:13 [WARNING] stream_engine.worker: ⚠️ 301A-P-GAVw-006_sub: Host unreachable
2026-08-01 14:39:13 [WARNING] stream_engine.worker: ⚠️ 301A-P-GAVw-007_main: Host unreachable
2026-08-01 14:39:13 [WARNING] stream_engine.worker: ⚠️ 301A-P-GAVw-007_sub: Host unreachable
2026-08-01 14:39:13 [WARNING] stream_engine.worker: ⚠️ 301A-P-GAVw-008_main: Host unreachable
2026-08-01 14:39:13 [WARNING] stream_engine.worker: ⚠️ 301A-P-GAVw-008_sub: Host unreachable
2026-08-01 14:39:13 [WARNING] stream_engine.worker: ⚠️ 301A-P-GAVw-009_main: Host unreachable
2026-08-01 14:39:13 [WARNING] stream_engine.worker: ⚠️ 301A-P-GAVw-009_sub: Host unreachable
2026-08-01 14:39:13 [WARNING] stream_engine.worker: ⚠️ 301A-P-GAVw-010_main: Host unreachable
2026-08-01 14:39:13 [WARNING] stream_engine.worker: ⚠️ 301A-P-GAVw-010_sub: Host unreachable
2026-08-01 14:39:13 [WARNING] stream_engine.worker: ⚠️ 301A-P-GAVw-011_main: Host unreachable
2026-08-01 14:39:13 [WARNING] stream_engine.worker: ⚠️ 301A-P-GAVw-011_sub: Host unreachable
2026-08-01 14:39:13 [WARNING] stream_engine.worker: ⚠️ 301A-P-GAVw-012_main: Host unreachable
2026-08-01 14:39:13 [WARNING] stream_engine.worker: ⚠️ 301A-P-GAVw-012_sub: Host unreachable
2026-08-01 14:39:13 [WARNING] stream_engine.worker: ⚠️ 301A-P-GAVw-013_main: Host unreachable
2026-08-01 14:39:13 [WARNING] stream_engine.worker: ⚠️ 301A-P-GAVw-013_sub: Host unreachable
2026-08-01 14:39:13 [WARNING] stream_engine.worker: ⚠️ 301A-P-GAVw-014_main: Host unreachable
2026-08-01 14:39:13 [WARNING] stream_engine.worker: ⚠️ 301A-P-GAVw-014_sub: Host unreachable
2026-08-01 14:39:13 [WARNING] stream_engine.worker: ⚠️ 301A-P-GAVw-015_main: Host unreachable
2026-08-01 14:39:13 [WARNING] stream_engine.worker: ⚠️ 301A-P-GAVw-015_sub: Host unreachable
2026-08-01 14:39:13 [WARNING] stream_engine.worker: ⚠️ 301A-P-GAVw-016_main: Host unreachable
2026-08-01 14:39:13 [WARNING] stream_engine.worker: ⚠️ 301A-P-GAVw-016_sub: Host unreachable
2026-08-01 14:39:13 [WARNING] stream_engine.worker: ⚠️ 301A-P-GAVw-017_main: Host unreachable
2026-08-01 14:39:13 [WARNING] stream_engine.worker: ⚠️ 301A-P-GAVw-017_sub: Host unreachable
2026-08-01 14:39:13 [WARNING] stream_engine.worker: ⚠️ 301A-P-GAVw-018_main: Host unreachable
2026-08-01 14:39:13 [WARNING] stream_engine.worker: ⚠️ 301A-P-GAVw-018_sub: Host unreachable
2026-08-01 14:39:13 [WARNING] stream_engine.worker: ⚠️ 301A-P-GAVw-019_main: Host unreachable
2026-08-01 14:39:13 [WARNING] stream_engine.worker: ⚠️ 301A-P-GAVw-019_sub: Host unreachable
2026-08-01 14:39:13 [WARNING] stream_engine.worker: ⚠️ 301A-P-GAVw-020_main: Host unreachable
2026-08-01 14:39:13 [WARNING] stream_engine.worker: ⚠️ 301A-P-GAVw-020_sub: Host unreachable
2026-08-01 14:39:13 [WARNING] stream_engine.worker: ⚠️ 301A-P-GAVw-021_main: Host unreachable
2026-08-01 14:39:13 [WARNING] stream_engine.worker: ⚠️ 301A-P-GAVw-021_sub: Host unreachable
2026-08-01 14:39:13 [WARNING] stream_engine.worker: ⚠️ 301A-P-GAVw-022_main: Host unreachable
2026-08-01 14:39:13 [WARNING] stream_engine.worker: ⚠️ 301A-P-GAVw-022_sub: Host unreachable
2026-08-01 14:39:13 [WARNING] stream_engine.worker: ⚠️ 301A-P-GAVw-023_main: Host unreachable
2026-08-01 14:39:13 [WARNING] stream_engine.worker: ⚠️ 301A-P-GAVw-023_sub: Host unreachable
2026-08-01 14:39:13 [WARNING] stream_engine.worker: ⚠️ 301A-P-GAVw-024_main: Host unreachable
2026-08-01 14:39:13 [WARNING] stream_engine.worker: ⚠️ 301A-P-GAVw-024_sub: Host unreachable
2026-08-01 14:39:13 [WARNING] stream_engine.worker: ⚠️ 301A-P-GAVw-025_main: Host unreachable
2026-08-01 14:39:13 [WARNING] stream_engine.worker: ⚠️ 301A-P-GAVw-025_sub: Host unreachable
2026-08-01 14:39:13 [WARNING] stream_engine.worker: ⚠️ 301A-P-GAVw-026_main: Host unreachable
2026-08-01 14:39:13 [WARNING] stream_engine.worker: ⚠️ 301A-P-GAVw-026_sub: Host unreachable
2026-08-01 14:39:13 [WARNING] stream_engine.worker: ⚠️ 301A-P-GAVw-027_main: Host unreachable
2026-08-01 14:39:13 [WARNING] stream_engine.worker: ⚠️ 301A-P-GAVw-027_sub: Host unreachable
2026-08-01 14:39:13 [WARNING] stream_engine.worker: ⚠️ 301A-P-GAVw-028_main: Host unreachable
2026-08-01 14:39:13 [WARNING] stream_engine.worker: ⚠️ 301A-P-GAVw-028_sub: Host unreachable
2026-08-01 14:39:13 [WARNING] stream_engine.worker: ⚠️ 301A-P-GAVw-029_main: Host unreachable
2026-08-01 14:39:13 [WARNING] stream_engine.worker: ⚠️ 301A-P-GAVw-029_sub: Host unreachable
2026-08-01 14:39:13 [WARNING] stream_engine.worker: ⚠️ 301A-P-GAVw-030_main: Host unreachable
2026-08-01 14:39:13 [WARNING] stream_engine.worker: ⚠️ 301A-P-GAVw-030_sub: Host unreachable
2026-08-01 14:39:13 [WARNING] stream_engine.worker: ⚠️ 301A-P-GAVw-031_main: Host unreachable
2026-08-01 14:39:13 [WARNING] stream_engine.worker: ⚠️ 301A-P-GAVw-031_sub: Host unreachable
2026-08-01 14:39:13 [WARNING] stream_engine.worker: ⚠️ 301A-P-GAVw-032_main: Host unreachable
2026-08-01 14:39:13 [WARNING] stream_engine.worker: ⚠️ 301A-P-GAVw-032_sub: Host unreachable
2026-08-01 14:39:13 [WARNING] stream_engine.worker: ⚠️ 403-P-GAVw-001_main: Host unreachable
2026-08-01 14:39:13 [WARNING] stream_engine.worker: ⚠️ 403-P-GAVw-001_sub: Host unreachable
2026-08-01 14:39:13 [WARNING] stream_engine.worker: ⚠️ 403-P-GAVw-002_main: Host unreachable
2026-08-01 14:39:13 [WARNING] stream_engine.worker: ⚠️ 403-P-GAVw-002_sub: Host unreachable
2026-08-01 14:39:13 [WARNING] stream_engine.worker: ⚠️ 403-P-GAVw-003_main: Host unreachable
2026-08-01 14:39:13 [WARNING] stream_engine.worker: ⚠️ 403-P-GAVw-003_sub: Host unreachable
2026-08-01 14:39:13 [WARNING] stream_engine.worker: ⚠️ 403-P-GAVw-004_main: Host unreachable
2026-08-01 14:39:13 [WARNING] stream_engine.worker: ⚠️ 403-P-GAVw-004_sub: Host unreachable
2026-08-01 14:39:13 [WARNING] stream_engine.worker: ⚠️ 403-P-GAVw-005_main: Host unreachable
2026-08-01 14:39:13 [WARNING] stream_engine.worker: ⚠️ 403-P-GAVw-005_sub: Host unreachable
2026-08-01 14:39:13 [WARNING] stream_engine.worker: ⚠️ 403-P-GAVw-006_main: Host unreachable
2026-08-01 14:39:13 [WARNING] stream_engine.worker: ⚠️ 403-P-GAVw-006_sub: Host unreachable
2026-08-01 14:39:13 [WARNING] stream_engine.worker: ⚠️ 403-P-GAVw-007_main: Host unreachable
2026-08-01 14:39:13 [WARNING] stream_engine.worker: ⚠️ 403-P-GAVw-007_sub: Host unreachable
2026-08-01 14:39:13 [WARNING] stream_engine.worker: ⚠️ 403-P-GAVw-008_main: Host unreachable
2026-08-01 14:39:13 [WARNING] stream_engine.worker: ⚠️ 403-P-GAVw-008_sub: Host unreachable
2026-08-01 14:39:13 [WARNING] stream_engine.worker: ⚠️ 403-P-GAVw-009_main: Host unreachable
2026-08-01 14:39:13 [WARNING] stream_engine.worker: ⚠️ 403-P-GAVw-009_sub: Host unreachable
2026-08-01 14:39:13 [WARNING] stream_engine.worker: ⚠️ 403-P-GAVw-010_main: Host unreachable
2026-08-01 14:39:13 [WARNING] stream_engine.worker: ⚠️ 403-P-GAVw-010_sub: Host unreachable
2026-08-01 14:39:13 [WARNING] stream_engine.worker: ⚠️ 403-P-GAVw-011_main: Host unreachable
2026-08-01 14:39:13 [WARNING] stream_engine.worker: ⚠️ 403-P-GAVw-011_sub: Host unreachable
2026-08-01 14:39:13 [WARNING] stream_engine.worker: ⚠️ 403-P-GAVw-012_main: Host unreachable
2026-08-01 14:39:13 [WARNING] stream_engine.worker: ⚠️ 403-P-GAVw-012_sub: Host unreachable
2026-08-01 14:39:13 [WARNING] stream_engine.worker: ⚠️ 403-P-GAVw-013_main: Host unreachable
2026-08-01 14:39:13 [WARNING] stream_engine.worker: ⚠️ 403-P-GAVw-013_sub: Host unreachable
2026-08-01 14:39:13 [WARNING] stream_engine.worker: ⚠️ 403-P-GAVw-014_main: Host unreachable
2026-08-01 14:39:13 [WARNING] stream_engine.worker: ⚠️ 403-P-GAVw-014_sub: Host unreachable
2026-08-01 14:39:13 [WARNING] stream_engine.worker: ⚠️ 403-P-GAVw-015_main: Host unreachable
2026-08-01 14:39:13 [WARNING] stream_engine.worker: ⚠️ 403-P-GAVw-015_sub: Host unreachable
2026-08-01 14:39:13 [WARNING] stream_engine.worker: ⚠️ 403-P-GAVw-016_main: Host unreachable
2026-08-01 14:39:13 [WARNING] stream_engine.worker: ⚠️ 403-P-GAVw-016_sub: Host unreachable
2026-08-01 14:39:13 [WARNING] stream_engine.worker: ⚠️ 403-P-GAVw-017_main: Host unreachable
2026-08-01 14:39:13 [WARNING] stream_engine.worker: ⚠️ 403-P-GAVw-017_sub: Host unreachable
2026-08-01 14:39:13 [WARNING] stream_engine.worker: ⚠️ 403-P-GAVw-018_main: Host unreachable
2026-08-01 14:39:13 [WARNING] stream_engine.worker: ⚠️ 403-P-GAVw-018_sub: Host unreachable
2026-08-01 14:39:13 [WARNING] stream_engine.worker: ⚠️ 403-P-GAVw-019_main: Host unreachable
2026-08-01 14:39:13 [WARNING] stream_engine.worker: ⚠️ 403-P-GAVw-019_sub: Host unreachable
2026-08-01 14:39:13 [WARNING] stream_engine.worker: ⚠️ 403-P-GAVw-020_main: Host unreachable
2026-08-01 14:39:13 [WARNING] stream_engine.worker: ⚠️ 403-P-GAVw-020_sub: Host unreachable
2026-08-01 14:39:13 [WARNING] stream_engine.worker: ⚠️ 403-P-GAVw-021_main: Host unreachable
2026-08-01 14:39:13 [WARNING] stream_engine.worker: ⚠️ 403-P-GAVw-021_sub: Host unreachable
2026-08-01 14:39:13 [WARNING] stream_engine.worker: ⚠️ 403-P-GAVw-022_main: Host unreachable
2026-08-01 14:39:13 [WARNING] stream_engine.worker: ⚠️ 403-P-GAVw-022_sub: Host unreachable
2026-08-01 14:39:13 [WARNING] stream_engine.worker: ⚠️ 403-P-GAVw-023_main: Host unreachable
2026-08-01 14:39:13 [WARNING] stream_engine.worker: ⚠️ 403-P-GAVw-023_sub: Host unreachable
2026-08-01 14:39:13 [WARNING] stream_engine.worker: ⚠️ 403-P-GAVw-024_main: Host unreachable
2026-08-01 14:39:13 [WARNING] stream_engine.worker: ⚠️ 403-P-GAVw-024_sub: Host unreachable
2026-08-01 14:39:13 [WARNING] stream_engine.worker: ⚠️ 403-P-GAVw-025_main: Host unreachable
2026-08-01 14:39:13 [WARNING] stream_engine.worker: ⚠️ 403-P-GAVw-025_sub: Host unreachable
2026-08-01 14:39:13 [WARNING] stream_engine.worker: ⚠️ 403-P-GAVw-026_main: Host unreachable
2026-08-01 14:39:13 [WARNING] stream_engine.worker: ⚠️ 403-P-GAVw-026_sub: Host unreachable
2026-08-01 14:39:13 [WARNING] stream_engine.worker: ⚠️ 403-P-GAVw-027_main: Host unreachable
2026-08-01 14:39:13 [WARNING] stream_engine.worker: ⚠️ 403-P-GAVw-027_sub: Host unreachable
2026-08-01 14:39:13 [WARNING] stream_engine.worker: ⚠️ 403-P-GAVw-028_main: Host unreachable
2026-08-01 14:39:13 [WARNING] stream_engine.worker: ⚠️ 403-P-GAVw-028_sub: Host unreachable
2026-08-01 14:39:13 [WARNING] stream_engine.worker: ⚠️ 403-P-GAVw-029_main: Host unreachable
2026-08-01 14:39:13 [WARNING] stream_engine.worker: ⚠️ 403-P-GAVw-029_sub: Host unreachable
2026-08-01 14:39:13 [WARNING] stream_engine.worker: ⚠️ phone_main: Host unreachable
2026-08-01 14:39:13 [WARNING] stream_engine.worker: ⚠️ test_main: Host unreachable
2026-08-01 14:39:13 [WARNING] stream_engine.worker: ⚠️ test_sub: Host unreachable
2026-08-01 14:39:34 [WARNING] stream_engine.worker: ⚠️ 210-P-GAVw-001_main: Host unreachable
2026-08-01 14:39:34 [WARNING] stream_engine.worker: ⚠️ 210-P-GAVw-001_sub: Host unreachable
2026-08-01 14:39:34 [WARNING] stream_engine.worker: ⚠️ 210-P-GAVw-002_main: Host unreachable
2026-08-01 14:39:34 [WARNING] stream_engine.worker: ⚠️ 210-P-GAVw-002_sub: Host unreachable
2026-08-01 14:39:34 [WARNING] stream_engine.worker: ⚠️ 210-P-GAVw-003_main: Host unreachable
2026-08-01 14:39:34 [WARNING] stream_engine.worker: ⚠️ 210-P-GAVw-003_sub: Host unreachable
2026-08-01 14:39:34 [WARNING] stream_engine.worker: ⚠️ 210-P-GAVw-004_main: Host unreachable
2026-08-01 14:39:34 [WARNING] stream_engine.worker: ⚠️ 210-P-GAVw-004_sub: Host unreachable
2026-08-01 14:39:34 [WARNING] stream_engine.worker: ⚠️ 301A-P-GAVw-001_main: Host unreachable
2026-08-01 14:39:34 [WARNING] stream_engine.worker: ⚠️ 301A-P-GAVw-001_sub: Host unreachable
2026-08-01 14:39:34 [WARNING] stream_engine.worker: ⚠️ 301A-P-GAVw-002_main: Host unreachable
2026-08-01 14:39:34 [WARNING] stream_engine.worker: ⚠️ 301A-P-GAVw-002_sub: Host unreachable
2026-08-01 14:39:34 [WARNING] stream_engine.worker: ⚠️ 301A-P-GAVw-003_main: Host unreachable
2026-08-01 14:39:34 [WARNING] stream_engine.worker: ⚠️ 301A-P-GAVw-003_sub: Host unreachable
2026-08-01 14:39:34 [WARNING] stream_engine.worker: ⚠️ 301A-P-GAVw-004_main: Host unreachable
2026-08-01 14:39:34 [WARNING] stream_engine.worker: ⚠️ 301A-P-GAVw-004_sub: Host unreachable
2026-08-01 14:39:34 [WARNING] stream_engine.worker: ⚠️ 301A-P-GAVw-005_main: Host unreachable
2026-08-01 14:39:34 [WARNING] stream_engine.worker: ⚠️ 301A-P-GAVw-005_sub: Host unreachable
2026-08-01 14:39:34 [WARNING] stream_engine.worker: ⚠️ 301A-P-GAVw-006_main: Host unreachable
2026-08-01 14:39:34 [WARNING] stream_engine.worker: ⚠️ 301A-P-GAVw-006_sub: Host unreachable
2026-08-01 14:39:34 [WARNING] stream_engine.worker: ⚠️ 301A-P-GAVw-007_main: Host unreachable
2026-08-01 14:39:34 [WARNING] stream_engine.worker: ⚠️ 301A-P-GAVw-007_sub: Host unreachable
2026-08-01 14:39:34 [WARNING] stream_engine.worker: ⚠️ 301A-P-GAVw-008_main: Host unreachable
2026-08-01 14:39:34 [WARNING] stream_engine.worker: ⚠️ 301A-P-GAVw-008_sub: Host unreachable
2026-08-01 14:39:34 [WARNING] stream_engine.worker: ⚠️ 301A-P-GAVw-009_main: Host unreachable
2026-08-01 14:39:34 [WARNING] stream_engine.worker: ⚠️ 301A-P-GAVw-009_sub: Host unreachable
2026-08-01 14:39:34 [WARNING] stream_engine.worker: ⚠️ 301A-P-GAVw-010_main: Host unreachable
2026-08-01 14:39:34 [WARNING] stream_engine.worker: ⚠️ 301A-P-GAVw-010_sub: Host unreachable
2026-08-01 14:39:34 [WARNING] stream_engine.worker: ⚠️ 301A-P-GAVw-011_main: Host unreachable
2026-08-01 14:39:34 [WARNING] stream_engine.worker: ⚠️ 301A-P-GAVw-011_sub: Host unreachable
2026-08-01 14:39:34 [WARNING] stream_engine.worker: ⚠️ 301A-P-GAVw-012_main: Host unreachable
2026-08-01 14:39:34 [WARNING] stream_engine.worker: ⚠️ 301A-P-GAVw-012_sub: Host unreachable
2026-08-01 14:39:34 [WARNING] stream_engine.worker: ⚠️ 301A-P-GAVw-013_main: Host unreachable
2026-08-01 14:39:34 [WARNING] stream_engine.worker: ⚠️ 301A-P-GAVw-013_sub: Host unreachable
2026-08-01 14:39:34 [WARNING] stream_engine.worker: ⚠️ 301A-P-GAVw-014_main: Host unreachable
2026-08-01 14:39:34 [WARNING] stream_engine.worker: ⚠️ 301A-P-GAVw-014_sub: Host unreachable
2026-08-01 14:39:34 [WARNING] stream_engine.worker: ⚠️ 301A-P-GAVw-015_main: Host unreachable
2026-08-01 14:39:34 [WARNING] stream_engine.worker: ⚠️ 301A-P-GAVw-015_sub: Host unreachable
2026-08-01 14:39:34 [WARNING] stream_engine.worker: ⚠️ 301A-P-GAVw-016_main: Host unreachable
2026-08-01 14:39:34 [WARNING] stream_engine.worker: ⚠️ 301A-P-GAVw-016_sub: Host unreachable
2026-08-01 14:39:34 [WARNING] stream_engine.worker: ⚠️ 301A-P-GAVw-017_main: Host unreachable
2026-08-01 14:39:34 [WARNING] stream_engine.worker: ⚠️ 301A-P-GAVw-017_sub: Host unreachable
2026-08-01 14:39:34 [WARNING] stream_engine.worker: ⚠️ 301A-P-GAVw-018_main: Host unreachable
2026-08-01 14:39:34 [WARNING] stream_engine.worker: ⚠️ 301A-P-GAVw-018_sub: Host unreachable
2026-08-01 14:39:34 [WARNING] stream_engine.worker: ⚠️ 301A-P-GAVw-019_main: Host unreachable
2026-08-01 14:39:34 [WARNING] stream_engine.worker: ⚠️ 301A-P-GAVw-019_sub: Host unreachable
2026-08-01 14:39:34 [WARNING] stream_engine.worker: ⚠️ 301A-P-GAVw-020_main: Host unreachable
2026-08-01 14:39:34 [WARNING] stream_engine.worker: ⚠️ 301A-P-GAVw-020_sub: Host unreachable
2026-08-01 14:39:34 [WARNING] stream_engine.worker: ⚠️ 301A-P-GAVw-021_main: Host unreachable
2026-08-01 14:39:34 [WARNING] stream_engine.worker: ⚠️ 301A-P-GAVw-021_sub: Host unreachable
2026-08-01 14:39:34 [WARNING] stream_engine.worker: ⚠️ 301A-P-GAVw-022_main: Host unreachable
2026-08-01 14:39:34 [WARNING] stream_engine.worker: ⚠️ 301A-P-GAVw-022_sub: Host unreachable
2026-08-01 14:39:34 [WARNING] stream_engine.worker: ⚠️ 301A-P-GAVw-023_main: Host unreachable
2026-08-01 14:39:34 [WARNING] stream_engine.worker: ⚠️ 301A-P-GAVw-023_sub: Host unreachable
2026-08-01 14:39:34 [WARNING] stream_engine.worker: ⚠️ 301A-P-GAVw-024_main: Host unreachable
2026-08-01 14:39:34 [WARNING] stream_engine.worker: ⚠️ 301A-P-GAVw-024_sub: Host unreachable
2026-08-01 14:39:34 [WARNING] stream_engine.worker: ⚠️ 301A-P-GAVw-025_main: Host unreachable
2026-08-01 14:39:34 [WARNING] stream_engine.worker: ⚠️ 301A-P-GAVw-025_sub: Host unreachable
2026-08-01 14:39:34 [WARNING] stream_engine.worker: ⚠️ 301A-P-GAVw-026_main: Host unreachable
2026-08-01 14:39:34 [WARNING] stream_engine.worker: ⚠️ 301A-P-GAVw-026_sub: Host unreachable
2026-08-01 14:39:34 [WARNING] stream_engine.worker: ⚠️ 301A-P-GAVw-027_main: Host unreachable
2026-08-01 14:39:34 [WARNING] stream_engine.worker: ⚠️ 301A-P-GAVw-027_sub: Host unreachable
2026-08-01 14:39:34 [WARNING] stream_engine.worker: ⚠️ 301A-P-GAVw-028_main: Host unreachable
2026-08-01 14:39:34 [WARNING] stream_engine.worker: ⚠️ 301A-P-GAVw-028_sub: Host unreachable
2026-08-01 14:39:34 [WARNING] stream_engine.worker: ⚠️ 301A-P-GAVw-029_main: Host unreachable
2026-08-01 14:39:34 [WARNING] stream_engine.worker: ⚠️ 301A-P-GAVw-029_sub: Host unreachable
2026-08-01 14:39:34 [WARNING] stream_engine.worker: ⚠️ 301A-P-GAVw-030_main: Host unreachable
2026-08-01 14:39:34 [WARNING] stream_engine.worker: ⚠️ 301A-P-GAVw-030_sub: Host unreachable
2026-08-01 14:39:34 [WARNING] stream_engine.worker: ⚠️ 301A-P-GAVw-031_main: Host unreachable
2026-08-01 14:39:34 [WARNING] stream_engine.worker: ⚠️ 301A-P-GAVw-031_sub: Host unreachable
2026-08-01 14:39:34 [WARNING] stream_engine.worker: ⚠️ 301A-P-GAVw-032_main: Host unreachable
2026-08-01 14:39:34 [WARNING] stream_engine.worker: ⚠️ 301A-P-GAVw-032_sub: Host unreachable
2026-08-01 14:39:34 [WARNING] stream_engine.worker: ⚠️ 403-P-GAVw-001_main: Host unreachable
2026-08-01 14:39:34 [WARNING] stream_engine.worker: ⚠️ 403-P-GAVw-001_sub: Host unreachable
2026-08-01 14:39:34 [WARNING] stream_engine.worker: ⚠️ 403-P-GAVw-002_main: Host unreachable
2026-08-01 14:39:34 [WARNING] stream_engine.worker: ⚠️ 403-P-GAVw-002_sub: Host unreachable
2026-08-01 14:39:34 [WARNING] stream_engine.worker: ⚠️ 403-P-GAVw-003_main: Host unreachable
2026-08-01 14:39:34 [WARNING] stream_engine.worker: ⚠️ 403-P-GAVw-003_sub: Host unreachable
2026-08-01 14:39:34 [WARNING] stream_engine.worker: ⚠️ 403-P-GAVw-004_main: Host unreachable
2026-08-01 14:39:34 [WARNING] stream_engine.worker: ⚠️ 403-P-GAVw-004_sub: Host unreachable
2026-08-01 14:39:34 [WARNING] stream_engine.worker: ⚠️ 403-P-GAVw-005_main: Host unreachable
2026-08-01 14:39:34 [WARNING] stream_engine.worker: ⚠️ 403-P-GAVw-005_sub: Host unreachable
2026-08-01 14:39:34 [WARNING] stream_engine.worker: ⚠️ 403-P-GAVw-006_main: Host unreachable
2026-08-01 14:39:34 [WARNING] stream_engine.worker: ⚠️ 403-P-GAVw-006_sub: Host unreachable
2026-08-01 14:39:34 [WARNING] stream_engine.worker: ⚠️ 403-P-GAVw-007_main: Host unreachable
2026-08-01 14:39:34 [WARNING] stream_engine.worker: ⚠️ 403-P-GAVw-007_sub: Host unreachable
2026-08-01 14:39:34 [WARNING] stream_engine.worker: ⚠️ 403-P-GAVw-008_main: Host unreachable
2026-08-01 14:39:34 [WARNING] stream_engine.worker: ⚠️ 403-P-GAVw-008_sub: Host unreachable
2026-08-01 14:39:34 [WARNING] stream_engine.worker: ⚠️ 403-P-GAVw-009_main: Host unreachable
2026-08-01 14:39:34 [WARNING] stream_engine.worker: ⚠️ 403-P-GAVw-009_sub: Host unreachable
2026-08-01 14:39:34 [WARNING] stream_engine.worker: ⚠️ 403-P-GAVw-010_main: Host unreachable
2026-08-01 14:39:34 [WARNING] stream_engine.worker: ⚠️ 403-P-GAVw-010_sub: Host unreachable
2026-08-01 14:39:34 [WARNING] stream_engine.worker: ⚠️ 403-P-GAVw-011_main: Host unreachable
2026-08-01 14:39:34 [WARNING] stream_engine.worker: ⚠️ 403-P-GAVw-011_sub: Host unreachable
2026-08-01 14:39:34 [WARNING] stream_engine.worker: ⚠️ 403-P-GAVw-012_main: Host unreachable
2026-08-01 14:39:34 [WARNING] stream_engine.worker: ⚠️ 403-P-GAVw-012_sub: Host unreachable
2026-08-01 14:39:34 [WARNING] stream_engine.worker: ⚠️ 403-P-GAVw-013_main: Host unreachable
2026-08-01 14:39:34 [WARNING] stream_engine.worker: ⚠️ 403-P-GAVw-013_sub: Host unreachable
2026-08-01 14:39:34 [WARNING] stream_engine.worker: ⚠️ 403-P-GAVw-014_main: Host unreachable
2026-08-01 14:39:34 [WARNING] stream_engine.worker: ⚠️ 403-P-GAVw-014_sub: Host unreachable
2026-08-01 14:39:34 [WARNING] stream_engine.worker: ⚠️ 403-P-GAVw-015_main: Host unreachable
2026-08-01 14:39:34 [WARNING] stream_engine.worker: ⚠️ 403-P-GAVw-015_sub: Host unreachable
2026-08-01 14:39:34 [WARNING] stream_engine.worker: ⚠️ 403-P-GAVw-016_main: Host unreachable
2026-08-01 14:39:34 [WARNING] stream_engine.worker: ⚠️ 403-P-GAVw-016_sub: Host unreachable
2026-08-01 14:39:34 [WARNING] stream_engine.worker: ⚠️ 403-P-GAVw-017_main: Host unreachable
2026-08-01 14:39:34 [WARNING] stream_engine.worker: ⚠️ 403-P-GAVw-017_sub: Host unreachable
2026-08-01 14:39:34 [WARNING] stream_engine.worker: ⚠️ 403-P-GAVw-018_main: Host unreachable
2026-08-01 14:39:34 [WARNING] stream_engine.worker: ⚠️ 403-P-GAVw-018_sub: Host unreachable
2026-08-01 14:39:34 [WARNING] stream_engine.worker: ⚠️ 403-P-GAVw-019_main: Host unreachable
2026-08-01 14:39:34 [WARNING] stream_engine.worker: ⚠️ 403-P-GAVw-019_sub: Host unreachable
2026-08-01 14:39:34 [WARNING] stream_engine.worker: ⚠️ 403-P-GAVw-020_main: Host unreachable
2026-08-01 14:39:34 [WARNING] stream_engine.worker: ⚠️ 403-P-GAVw-020_sub: Host unreachable
2026-08-01 14:39:34 [WARNING] stream_engine.worker: ⚠️ 403-P-GAVw-021_main: Host unreachable
2026-08-01 14:39:34 [WARNING] stream_engine.worker: ⚠️ 403-P-GAVw-021_sub: Host unreachable
2026-08-01 14:39:34 [WARNING] stream_engine.worker: ⚠️ 403-P-GAVw-022_main: Host unreachable
2026-08-01 14:39:34 [WARNING] stream_engine.worker: ⚠️ 403-P-GAVw-022_sub: Host unreachable
2026-08-01 14:39:34 [WARNING] stream_engine.worker: ⚠️ 403-P-GAVw-023_main: Host unreachable
2026-08-01 14:39:34 [WARNING] stream_engine.worker: ⚠️ 403-P-GAVw-023_sub: Host unreachable
2026-08-01 14:39:34 [WARNING] stream_engine.worker: ⚠️ 403-P-GAVw-024_main: Host unreachable
2026-08-01 14:39:34 [WARNING] stream_engine.worker: ⚠️ 403-P-GAVw-024_sub: Host unreachable
2026-08-01 14:39:34 [WARNING] stream_engine.worker: ⚠️ 403-P-GAVw-025_main: Host unreachable
2026-08-01 14:39:34 [WARNING] stream_engine.worker: ⚠️ 403-P-GAVw-025_sub: Host unreachable
2026-08-01 14:39:34 [WARNING] stream_engine.worker: ⚠️ 403-P-GAVw-026_main: Host unreachable
2026-08-01 14:39:34 [WARNING] stream_engine.worker: ⚠️ 403-P-GAVw-026_sub: Host unreachable
2026-08-01 14:39:34 [WARNING] stream_engine.worker: ⚠️ 403-P-GAVw-027_main: Host unreachable
2026-08-01 14:39:34 [WARNING] stream_engine.worker: ⚠️ 403-P-GAVw-027_sub: Host unreachable
2026-08-01 14:39:34 [WARNING] stream_engine.worker: ⚠️ 403-P-GAVw-028_main: Host unreachable
2026-08-01 14:39:34 [WARNING] stream_engine.worker: ⚠️ 403-P-GAVw-028_sub: Host unreachable
2026-08-01 14:39:34 [WARNING] stream_engine.worker: ⚠️ 403-P-GAVw-029_main: Host unreachable
2026-08-01 14:39:34 [WARNING] stream_engine.worker: ⚠️ 403-P-GAVw-029_sub: Host unreachable
2026-08-01 14:39:34 [WARNING] stream_engine.worker: ⚠️ phone_main: Host unreachable
2026-08-01 14:39:34 [WARNING] stream_engine.worker: ⚠️ test_main: Host unreachable
2026-08-01 14:39:34 [WARNING] stream_engine.worker: ⚠️ test_sub: Host unreachable
2026-08-01 14:40:09 [WARNING] stream_engine.worker: ⚠️ 210-P-GAVw-001_main: Host unreachable
2026-08-01 14:40:09 [WARNING] stream_engine.worker: ⚠️ 210-P-GAVw-001_sub: Host unreachable
2026-08-01 14:40:09 [WARNING] stream_engine.worker: ⚠️ 210-P-GAVw-002_main: Host unreachable
2026-08-01 14:40:09 [WARNING] stream_engine.worker: ⚠️ 210-P-GAVw-002_sub: Host unreachable
2026-08-01 14:40:09 [WARNING] stream_engine.worker: ⚠️ 210-P-GAVw-003_main: Host unreachable
2026-08-01 14:40:09 [WARNING] stream_engine.worker: ⚠️ 210-P-GAVw-003_sub: Host unreachable
2026-08-01 14:40:09 [WARNING] stream_engine.worker: ⚠️ 210-P-GAVw-004_main: Host unreachable
2026-08-01 14:40:09 [WARNING] stream_engine.worker: ⚠️ 210-P-GAVw-004_sub: Host unreachable
2026-08-01 14:40:09 [WARNING] stream_engine.worker: ⚠️ 301A-P-GAVw-001_main: Host unreachable
2026-08-01 14:40:09 [WARNING] stream_engine.worker: ⚠️ 301A-P-GAVw-001_sub: Host unreachable
2026-08-01 14:40:09 [WARNING] stream_engine.worker: ⚠️ 301A-P-GAVw-002_main: Host unreachable
2026-08-01 14:40:09 [WARNING] stream_engine.worker: ⚠️ 301A-P-GAVw-002_sub: Host unreachable
2026-08-01 14:40:09 [WARNING] stream_engine.worker: ⚠️ 301A-P-GAVw-003_main: Host unreachable
2026-08-01 14:40:09 [WARNING] stream_engine.worker: ⚠️ 301A-P-GAVw-003_sub: Host unreachable
2026-08-01 14:40:09 [WARNING] stream_engine.worker: ⚠️ 301A-P-GAVw-004_main: Host unreachable
2026-08-01 14:40:09 [WARNING] stream_engine.worker: ⚠️ 301A-P-GAVw-004_sub: Host unreachable
2026-08-01 14:40:09 [WARNING] stream_engine.worker: ⚠️ 301A-P-GAVw-005_main: Host unreachable
2026-08-01 14:40:09 [WARNING] stream_engine.worker: ⚠️ 301A-P-GAVw-005_sub: Host unreachable
2026-08-01 14:40:09 [WARNING] stream_engine.worker: ⚠️ 301A-P-GAVw-006_main: Host unreachable
2026-08-01 14:40:09 [WARNING] stream_engine.worker: ⚠️ 301A-P-GAVw-006_sub: Host unreachable
2026-08-01 14:40:09 [WARNING] stream_engine.worker: ⚠️ 301A-P-GAVw-007_main: Host unreachable
2026-08-01 14:40:09 [WARNING] stream_engine.worker: ⚠️ 301A-P-GAVw-007_sub: Host unreachable
2026-08-01 14:40:09 [WARNING] stream_engine.worker: ⚠️ 301A-P-GAVw-008_main: Host unreachable
2026-08-01 14:40:09 [WARNING] stream_engine.worker: ⚠️ 301A-P-GAVw-008_sub: Host unreachable
2026-08-01 14:40:09 [WARNING] stream_engine.worker: ⚠️ 301A-P-GAVw-009_main: Host unreachable
2026-08-01 14:40:09 [WARNING] stream_engine.worker: ⚠️ 301A-P-GAVw-009_sub: Host unreachable
2026-08-01 14:40:09 [WARNING] stream_engine.worker: ⚠️ 301A-P-GAVw-010_main: Host unreachable
2026-08-01 14:40:09 [WARNING] stream_engine.worker: ⚠️ 301A-P-GAVw-010_sub: Host unreachable
2026-08-01 14:40:09 [WARNING] stream_engine.worker: ⚠️ 301A-P-GAVw-011_main: Host unreachable
2026-08-01 14:40:09 [WARNING] stream_engine.worker: ⚠️ 301A-P-GAVw-011_sub: Host unreachable
2026-08-01 14:40:09 [WARNING] stream_engine.worker: ⚠️ 301A-P-GAVw-012_main: Host unreachable
2026-08-01 14:40:09 [WARNING] stream_engine.worker: ⚠️ 301A-P-GAVw-012_sub: Host unreachable
2026-08-01 14:40:09 [WARNING] stream_engine.worker: ⚠️ 301A-P-GAVw-013_main: Host unreachable
2026-08-01 14:40:09 [WARNING] stream_engine.worker: ⚠️ 301A-P-GAVw-013_sub: Host unreachable
2026-08-01 14:40:09 [WARNING] stream_engine.worker: ⚠️ 301A-P-GAVw-014_main: Host unreachable
2026-08-01 14:40:09 [WARNING] stream_engine.worker: ⚠️ 301A-P-GAVw-014_sub: Host unreachable
2026-08-01 14:40:09 [WARNING] stream_engine.worker: ⚠️ 301A-P-GAVw-015_main: Host unreachable
2026-08-01 14:40:09 [WARNING] stream_engine.worker: ⚠️ 301A-P-GAVw-015_sub: Host unreachable
2026-08-01 14:40:09 [WARNING] stream_engine.worker: ⚠️ 301A-P-GAVw-016_main: Host unreachable
2026-08-01 14:40:09 [WARNING] stream_engine.worker: ⚠️ 301A-P-GAVw-016_sub: Host unreachable
2026-08-01 14:40:09 [WARNING] stream_engine.worker: ⚠️ 301A-P-GAVw-017_main: Host unreachable
2026-08-01 14:40:09 [WARNING] stream_engine.worker: ⚠️ 301A-P-GAVw-017_sub: Host unreachable
2026-08-01 14:40:09 [WARNING] stream_engine.worker: ⚠️ 301A-P-GAVw-018_main: Host unreachable
2026-08-01 14:40:09 [WARNING] stream_engine.worker: ⚠️ 301A-P-GAVw-018_sub: Host unreachable
2026-08-01 14:40:09 [WARNING] stream_engine.worker: ⚠️ 301A-P-GAVw-019_main: Host unreachable
2026-08-01 14:40:09 [WARNING] stream_engine.worker: ⚠️ 301A-P-GAVw-019_sub: Host unreachable
2026-08-01 14:40:09 [WARNING] stream_engine.worker: ⚠️ 301A-P-GAVw-020_main: Host unreachable
2026-08-01 14:40:09 [WARNING] stream_engine.worker: ⚠️ 301A-P-GAVw-020_sub: Host unreachable
2026-08-01 14:40:09 [WARNING] stream_engine.worker: ⚠️ 301A-P-GAVw-021_main: Host unreachable
2026-08-01 14:40:09 [WARNING] stream_engine.worker: ⚠️ 301A-P-GAVw-021_sub: Host unreachable
2026-08-01 14:40:09 [WARNING] stream_engine.worker: ⚠️ 301A-P-GAVw-022_main: Host unreachable
2026-08-01 14:40:09 [WARNING] stream_engine.worker: ⚠️ 301A-P-GAVw-022_sub: Host unreachable
2026-08-01 14:40:09 [WARNING] stream_engine.worker: ⚠️ 301A-P-GAVw-023_main: Host unreachable
2026-08-01 14:40:09 [WARNING] stream_engine.worker: ⚠️ 301A-P-GAVw-023_sub: Host unreachable
2026-08-01 14:40:09 [WARNING] stream_engine.worker: ⚠️ 301A-P-GAVw-024_main: Host unreachable
2026-08-01 14:40:09 [WARNING] stream_engine.worker: ⚠️ 301A-P-GAVw-024_sub: Host unreachable
2026-08-01 14:40:09 [WARNING] stream_engine.worker: ⚠️ 301A-P-GAVw-025_main: Host unreachable
2026-08-01 14:40:09 [WARNING] stream_engine.worker: ⚠️ 301A-P-GAVw-025_sub: Host unreachable
2026-08-01 14:40:09 [WARNING] stream_engine.worker: ⚠️ 301A-P-GAVw-026_main: Host unreachable
2026-08-01 14:40:09 [WARNING] stream_engine.worker: ⚠️ 301A-P-GAVw-026_sub: Host unreachable
2026-08-01 14:40:09 [WARNING] stream_engine.worker: ⚠️ 301A-P-GAVw-027_main: Host unreachable
2026-08-01 14:40:09 [WARNING] stream_engine.worker: ⚠️ 301A-P-GAVw-027_sub: Host unreachable
2026-08-01 14:40:09 [WARNING] stream_engine.worker: ⚠️ 301A-P-GAVw-028_main: Host unreachable
2026-08-01 14:40:09 [WARNING] stream_engine.worker: ⚠️ 301A-P-GAVw-028_sub: Host unreachable
2026-08-01 14:40:09 [WARNING] stream_engine.worker: ⚠️ 301A-P-GAVw-029_main: Host unreachable
2026-08-01 14:40:09 [WARNING] stream_engine.worker: ⚠️ 301A-P-GAVw-029_sub: Host unreachable
2026-08-01 14:40:09 [WARNING] stream_engine.worker: ⚠️ 301A-P-GAVw-030_main: Host unreachable
2026-08-01 14:40:09 [WARNING] stream_engine.worker: ⚠️ 301A-P-GAVw-030_sub: Host unreachable
2026-08-01 14:40:09 [WARNING] stream_engine.worker: ⚠️ 301A-P-GAVw-031_main: Host unreachable
2026-08-01 14:40:09 [WARNING] stream_engine.worker: ⚠️ 301A-P-GAVw-031_sub: Host unreachable
2026-08-01 14:40:09 [WARNING] stream_engine.worker: ⚠️ 301A-P-GAVw-032_main: Host unreachable
2026-08-01 14:40:09 [WARNING] stream_engine.worker: ⚠️ 301A-P-GAVw-032_sub: Host unreachable
2026-08-01 14:40:09 [WARNING] stream_engine.worker: ⚠️ 403-P-GAVw-001_main: Host unreachable
2026-08-01 14:40:09 [WARNING] stream_engine.worker: ⚠️ 403-P-GAVw-001_sub: Host unreachable
2026-08-01 14:40:09 [WARNING] stream_engine.worker: ⚠️ 403-P-GAVw-002_main: Host unreachable
2026-08-01 14:40:09 [WARNING] stream_engine.worker: ⚠️ 403-P-GAVw-002_sub: Host unreachable
2026-08-01 14:40:09 [WARNING] stream_engine.worker: ⚠️ 403-P-GAVw-003_main: Host unreachable
2026-08-01 14:40:09 [WARNING] stream_engine.worker: ⚠️ 403-P-GAVw-003_sub: Host unreachable
2026-08-01 14:40:09 [WARNING] stream_engine.worker: ⚠️ 403-P-GAVw-004_main: Host unreachable
2026-08-01 14:40:09 [WARNING] stream_engine.worker: ⚠️ 403-P-GAVw-004_sub: Host unreachable
2026-08-01 14:40:09 [WARNING] stream_engine.worker: ⚠️ 403-P-GAVw-005_main: Host unreachable
2026-08-01 14:40:09 [WARNING] stream_engine.worker: ⚠️ 403-P-GAVw-005_sub: Host unreachable
2026-08-01 14:40:09 [WARNING] stream_engine.worker: ⚠️ 403-P-GAVw-006_main: Host unreachable
2026-08-01 14:40:09 [WARNING] stream_engine.worker: ⚠️ 403-P-GAVw-006_sub: Host unreachable
2026-08-01 14:40:09 [WARNING] stream_engine.worker: ⚠️ 403-P-GAVw-007_main: Host unreachable
2026-08-01 14:40:09 [WARNING] stream_engine.worker: ⚠️ 403-P-GAVw-007_sub: Host unreachable
2026-08-01 14:40:09 [WARNING] stream_engine.worker: ⚠️ 403-P-GAVw-008_main: Host unreachable
2026-08-01 14:40:09 [WARNING] stream_engine.worker: ⚠️ 403-P-GAVw-008_sub: Host unreachable
2026-08-01 14:40:09 [WARNING] stream_engine.worker: ⚠️ 403-P-GAVw-009_main: Host unreachable
2026-08-01 14:40:09 [WARNING] stream_engine.worker: ⚠️ 403-P-GAVw-009_sub: Host unreachable
2026-08-01 14:40:09 [WARNING] stream_engine.worker: ⚠️ 403-P-GAVw-010_main: Host unreachable
2026-08-01 14:40:09 [WARNING] stream_engine.worker: ⚠️ 403-P-GAVw-010_sub: Host unreachable
2026-08-01 14:40:09 [WARNING] stream_engine.worker: ⚠️ 403-P-GAVw-011_main: Host unreachable
2026-08-01 14:40:09 [WARNING] stream_engine.worker: ⚠️ 403-P-GAVw-011_sub: Host unreachable
2026-08-01 14:40:09 [WARNING] stream_engine.worker: ⚠️ 403-P-GAVw-012_main: Host unreachable
2026-08-01 14:40:09 [WARNING] stream_engine.worker: ⚠️ 403-P-GAVw-012_sub: Host unreachable
2026-08-01 14:40:09 [WARNING] stream_engine.worker: ⚠️ 403-P-GAVw-013_main: Host unreachable
2026-08-01 14:40:09 [WARNING] stream_engine.worker: ⚠️ 403-P-GAVw-013_sub: Host unreachable
2026-08-01 14:40:09 [WARNING] stream_engine.worker: ⚠️ 403-P-GAVw-014_main: Host unreachable
2026-08-01 14:40:09 [WARNING] stream_engine.worker: ⚠️ 403-P-GAVw-014_sub: Host unreachable
2026-08-01 14:40:09 [WARNING] stream_engine.worker: ⚠️ 403-P-GAVw-015_main: Host unreachable
2026-08-01 14:40:09 [WARNING] stream_engine.worker: ⚠️ 403-P-GAVw-015_sub: Host unreachable
2026-08-01 14:40:09 [WARNING] stream_engine.worker: ⚠️ 403-P-GAVw-016_main: Host unreachable
2026-08-01 14:40:09 [WARNING] stream_engine.worker: ⚠️ 403-P-GAVw-016_sub: Host unreachable
2026-08-01 14:40:09 [WARNING] stream_engine.worker: ⚠️ 403-P-GAVw-017_main: Host unreachable
2026-08-01 14:40:09 [WARNING] stream_engine.worker: ⚠️ 403-P-GAVw-017_sub: Host unreachable
2026-08-01 14:40:09 [WARNING] stream_engine.worker: ⚠️ 403-P-GAVw-018_main: Host unreachable
2026-08-01 14:40:09 [WARNING] stream_engine.worker: ⚠️ 403-P-GAVw-018_sub: Host unreachable
2026-08-01 14:40:09 [WARNING] stream_engine.worker: ⚠️ 403-P-GAVw-019_main: Host unreachable
2026-08-01 14:40:09 [WARNING] stream_engine.worker: ⚠️ 403-P-GAVw-019_sub: Host unreachable
2026-08-01 14:40:09 [WARNING] stream_engine.worker: ⚠️ 403-P-GAVw-020_main: Host unreachable
2026-08-01 14:40:09 [WARNING] stream_engine.worker: ⚠️ 403-P-GAVw-020_sub: Host unreachable
2026-08-01 14:40:09 [WARNING] stream_engine.worker: ⚠️ 403-P-GAVw-021_main: Host unreachable
2026-08-01 14:40:09 [WARNING] stream_engine.worker: ⚠️ 403-P-GAVw-021_sub: Host unreachable
2026-08-01 14:40:09 [WARNING] stream_engine.worker: ⚠️ 403-P-GAVw-022_main: Host unreachable
2026-08-01 14:40:09 [WARNING] stream_engine.worker: ⚠️ 403-P-GAVw-022_sub: Host unreachable
2026-08-01 14:40:09 [WARNING] stream_engine.worker: ⚠️ 403-P-GAVw-023_main: Host unreachable
2026-08-01 14:40:09 [WARNING] stream_engine.worker: ⚠️ 403-P-GAVw-023_sub: Host unreachable
2026-08-01 14:40:09 [WARNING] stream_engine.worker: ⚠️ 403-P-GAVw-024_main: Host unreachable
2026-08-01 14:40:09 [WARNING] stream_engine.worker: ⚠️ 403-P-GAVw-024_sub: Host unreachable
2026-08-01 14:40:09 [WARNING] stream_engine.worker: ⚠️ 403-P-GAVw-025_main: Host unreachable
2026-08-01 14:40:09 [WARNING] stream_engine.worker: ⚠️ 403-P-GAVw-025_sub: Host unreachable
2026-08-01 14:40:09 [WARNING] stream_engine.worker: ⚠️ 403-P-GAVw-026_main: Host unreachable
2026-08-01 14:40:09 [WARNING] stream_engine.worker: ⚠️ 403-P-GAVw-026_sub: Host unreachable
2026-08-01 14:40:09 [WARNING] stream_engine.worker: ⚠️ 403-P-GAVw-027_main: Host unreachable
2026-08-01 14:40:09 [WARNING] stream_engine.worker: ⚠️ 403-P-GAVw-027_sub: Host unreachable
2026-08-01 14:40:09 [WARNING] stream_engine.worker: ⚠️ 403-P-GAVw-028_main: Host unreachable
2026-08-01 14:40:09 [WARNING] stream_engine.worker: ⚠️ 403-P-GAVw-028_sub: Host unreachable
2026-08-01 14:40:09 [WARNING] stream_engine.worker: ⚠️ 403-P-GAVw-029_main: Host unreachable
2026-08-01 14:40:09 [WARNING] stream_engine.worker: ⚠️ 403-P-GAVw-029_sub: Host unreachable
2026-08-01 14:40:09 [WARNING] stream_engine.worker: ⚠️ phone_main: Host unreachable
2026-08-01 14:40:09 [WARNING] stream_engine.worker: ⚠️ test_main: Host unreachable
2026-08-01 14:40:09 [WARNING] stream_engine.worker: ⚠️ test_sub: Host unreachable
